Component: ARM Compiler 5.06 update 4 (build 422) Tool: armlink [4d35d2]

==============================================================================

Section Cross References

    main.o(i.Alarm_display) refers to main.o(i.I2C0_WriteByte) for I2C0_WriteByte
    main.o(i.Alarm_display) refers to main.o(i.Delay) for Delay
    main.o(i.Alarm_display) refers to main.o(.data) for isReverse
    main.o(i.Alarm_set) refers to main.o(i.I2C0_WriteByte) for I2C0_WriteByte
    main.o(i.Alarm_set) refers to main.o(i.Press_to_set) for Press_to_set
    main.o(i.Alarm_set) refers to main.o(.data) for seg_bit
    main.o(i.Alarm_set) refers to main.o(.bss) for data
    main.o(i.Boot) refers to dflt_clz.o(x$fpl$dflt) for __aeabi_i2d
    main.o(i.Boot) refers to pow.o(i.__hardfp_pow) for __hardfp_pow
    main.o(i.Boot) refers to daddsub_clz.o(x$fpl$drsb) for __aeabi_drsub
    main.o(i.Boot) refers to dfixu.o(x$fpl$dfixu) for __aeabi_d2uiz
    main.o(i.Boot) refers to main.o(i.I2C0_WriteByte) for I2C0_WriteByte
    main.o(i.Boot) refers to main.o(i.Delay) for Delay
    main.o(i.Boot) refers to main.o(.data) for clock100ms_flag
    main.o(i.Date_display) refers to main.o(i.I2C0_WriteByte) for I2C0_WriteByte
    main.o(i.Date_display) refers to main.o(i.Delay) for Delay
    main.o(i.Date_display) refers to main.o(.data) for isReverse
    main.o(i.Date_set) refers to main.o(i.I2C0_WriteByte) for I2C0_WriteByte
    main.o(i.Date_set) refers to main.o(i.Press_to_set) for Press_to_set
    main.o(i.Date_set) refers to main.o(.data) for seg_bit
    main.o(i.Date_set) refers to main.o(.bss) for data
    main.o(i.I2C0_ReadByte) refers to i2c.o(i.I2CMasterBusy) for I2CMasterBusy
    main.o(i.I2C0_ReadByte) refers to i2c.o(i.I2CMasterSlaveAddrSet) for I2CMasterSlaveAddrSet
    main.o(i.I2C0_ReadByte) refers to i2c.o(i.I2CMasterDataPut) for I2CMasterDataPut
    main.o(i.I2C0_ReadByte) refers to i2c.o(i.I2CMasterControl) for I2CMasterControl
    main.o(i.I2C0_ReadByte) refers to i2c.o(i.I2CMasterBusBusy) for I2CMasterBusBusy
    main.o(i.I2C0_ReadByte) refers to i2c.o(i.I2CMasterErr) for I2CMasterErr
    main.o(i.I2C0_ReadByte) refers to main.o(i.Delay) for Delay
    main.o(i.I2C0_ReadByte) refers to i2c.o(i.I2CMasterDataGet) for I2CMasterDataGet
    main.o(i.I2C0_WriteByte) refers to i2c.o(i.I2CMasterBusy) for I2CMasterBusy
    main.o(i.I2C0_WriteByte) refers to i2c.o(i.I2CMasterSlaveAddrSet) for I2CMasterSlaveAddrSet
    main.o(i.I2C0_WriteByte) refers to i2c.o(i.I2CMasterDataPut) for I2CMasterDataPut
    main.o(i.I2C0_WriteByte) refers to i2c.o(i.I2CMasterControl) for I2CMasterControl
    main.o(i.I2C0_WriteByte) refers to i2c.o(i.I2CMasterErr) for I2CMasterErr
    main.o(i.Key_detect) refers to main.o(i.I2C0_ReadByte) for I2C0_ReadByte
    main.o(i.Key_detect) refers to main.o(.data) for Key
    main.o(i.Press_to_set) refers to main.o(i.I2C0_WriteByte) for I2C0_WriteByte
    main.o(i.Press_to_set) refers to main.o(i.Delay) for Delay
    main.o(i.Press_to_set) refers to main.o(.data) for set_key
    main.o(i.Press_to_set) refers to main.o(.bss) for data
    main.o(i.Record_display) refers to main.o(i.I2C0_WriteByte) for I2C0_WriteByte
    main.o(i.Record_display) refers to main.o(i.Delay) for Delay
    main.o(i.Record_display) refers to main.o(.data) for isReverse
    main.o(i.Record_set) refers to main.o(i.I2C0_WriteByte) for I2C0_WriteByte
    main.o(i.Record_set) refers to main.o(i.Press_to_set) for Press_to_set
    main.o(i.Record_set) refers to main.o(.data) for seg_bit
    main.o(i.Record_set) refers to main.o(.bss) for data
    main.o(i.Reset) refers to sysctl.o(i.SysCtlPeripheralEnable) for SysCtlPeripheralEnable
    main.o(i.Reset) refers to sysctl.o(i.SysCtlPeripheralReady) for SysCtlPeripheralReady
    main.o(i.Reset) refers to eeprom.o(i.EEPROMInit) for EEPROMInit
    main.o(i.Reset) refers to eeprom.o(i.EEPROMProgram) for EEPROMProgram
    main.o(i.Reset) refers to sysctl.o(i.SysCtlReset) for SysCtlReset
    main.o(i.Reset) refers to main.o(.data) for ui32EEPROMInit
    main.o(i.Reset) refers to main.o(.bss) for Dispalydata
    main.o(i.Ringtone) refers to main.o(i.UARTStringPut) for UARTStringPut
    main.o(i.Ringtone) refers to main.o(.data) for Alarm_hour
    main.o(i.S800_GPIO_Init) refers to sysctl.o(i.SysCtlPeripheralEnable) for SysCtlPeripheralEnable
    main.o(i.S800_GPIO_Init) refers to sysctl.o(i.SysCtlPeripheralReady) for SysCtlPeripheralReady
    main.o(i.S800_GPIO_Init) refers to gpio.o(i.GPIOPinTypeGPIOOutput) for GPIOPinTypeGPIOOutput
    main.o(i.S800_GPIO_Init) refers to gpio.o(i.GPIOPinTypeGPIOInput) for GPIOPinTypeGPIOInput
    main.o(i.S800_GPIO_Init) refers to gpio.o(i.GPIOPadConfigSet) for GPIOPadConfigSet
    main.o(i.S800_GPIO_Init) refers to gpio.o(i.GPIOPinConfigure) for GPIOPinConfigure
    main.o(i.S800_GPIO_Init) refers to gpio.o(i.GPIOPinTypePWM) for GPIOPinTypePWM
    main.o(i.S800_I2C0_Init) refers to sysctl.o(i.SysCtlPeripheralEnable) for SysCtlPeripheralEnable
[...]
    .ARM.Collect$$libshutdown$$00000004      0x00000290   Section        0  libshutdown2.o(.ARM.Collect$$libshutdown$$00000004)
    .ARM.Collect$$libshutdown$$00000007      0x00000290   Section        0  libshutdown2.o(.ARM.Collect$$libshutdown$$00000007)
    .ARM.Collect$$libshutdown$$0000000A      0x00000290   Section        0  libshutdown2.o(.ARM.Collect$$libshutdown$$0000000A)
    .ARM.Collect$$libshutdown$$0000000C      0x00000290   Section        0  libshutdown2.o(.ARM.Collect$$libshutdown$$0000000C)
    .ARM.Collect$$libshutdown$$0000000F      0x00000290   Section        0  libshutdown2.o(.ARM.Collect$$libshutdown$$0000000F)
    .ARM.Collect$$libshutdown$$00000010      0x00000290   Section        2  libshutdown2.o(.ARM.Collect$$libshutdown$$00000010)
    .ARM.Collect$$rtentry$$00000000          0x00000292   Section        0  __rtentry.o(.ARM.Collect$$rtentry$$00000000)
    .ARM.Collect$$rtentry$$00000002          0x00000292   Section        0  __rtentry2.o(.ARM.Collect$$rtentry$$00000002)
    .ARM.Collect$$rtentry$$00000004          0x00000292   Section        6  __rtentry4.o(.ARM.Collect$$rtentry$$00000004)
    .ARM.Collect$$rtentry$$00000009          0x00000298   Section        0  __rtentry2.o(.ARM.Collect$$rtentry$$00000009)
    .ARM.Collect$$rtentry$$0000000A          0x00000298   Section        4  __rtentry2.o(.ARM.Collect$$rtentry$$0000000A)
    .ARM.Collect$$rtentry$$0000000C          0x0000029c   Section        0  __rtentry2.o(.ARM.Collect$$rtentry$$0000000C)
    .ARM.Collect$$rtentry$$0000000D          0x0000029c   Section        8  __rtentry2.o(.ARM.Collect$$rtentry$$0000000D)
    .ARM.Collect$$rtexit$$00000000           0x000002a4   Section        2  rtexit.o(.ARM.Collect$$rtexit$$00000000)
    .ARM.Collect$$rtexit$$00000002           0x000002a6   Section        0  rtexit2.o(.ARM.Collect$$rtexit$$00000002)
    .ARM.Collect$$rtexit$$00000003           0x000002a6   Section        4  rtexit2.o(.ARM.Collect$$rtexit$$00000003)
    .ARM.Collect$$rtexit$$00000004           0x000002aa   Section        6  rtexit2.o(.ARM.Collect$$rtexit$$00000004)
    .emb_text                                0x000002b0   Section        6  sysctl.o(.emb_text)
    $v0                                      0x000002b0   Number         0  sysctl.o(.emb_text)
    .emb_text                                0x000002b8   Section       38  cpu.o(.emb_text)
    $v0                                      0x000002b8   Number         0  cpu.o(.emb_text)
    .text                                    0x000002e0   Section      300  startup_tm4c129.o(.text)
    $v0                                      0x000002e0   Number         0  startup_tm4c129.o(.text)
    .text                                    0x0000040c   Section        0  toupper.o(.text)
    .text                                    0x0000042a   Section        0  strncmp.o(.text)
    .text                                    0x000004c0   Section        0  heapauxi.o(.text)
    .text                                    0x000004c8   Section       16  rt_ctype_table.o(.text)
    .text                                    0x000004d8   Section        0  _rserrno.o(.text)
    .text                                    0x000004f0   Section        8  rt_locale_intlibspace.o(.text)
    .text                                    0x000004f8   Section        8  rt_errno_addr_intlibspace.o(.text)
    .text                                    0x00000500   Section        8  libspace.o(.text)
    .text                                    0x00000508   Section       74  sys_stackheap_outer.o(.text)
    .text                                    0x00000552   Section        0  exit.o(.text)
    .text                                    0x00000564   Section      128  strcmpv7m.o(.text)
    .text                                    0x000005e4   Section        0  sys_exit.o(.text)
    .text                                    0x000005f0   Section        2  use_no_semi.o(.text)
    .text                                    0x000005f2   Section        0  indicate_semi.o(.text)
    i.Alarm_display                          0x000005f4   Section        0  main.o(i.Alarm_display)
    i.Alarm_set                              0x00000bec   Section        0  main.o(i.Alarm_set)
    i.Boot                                   0x00000eb4   Section        0  main.o(i.Boot)
    i.Date_display                           0x00000f88   Section        0  main.o(i.Date_display)
    i.Date_set                               0x0000126c   Section        0  main.o(i.Date_set)
    i.Delay                                  0x00001598   Section        0  main.o(i.Delay)
    i.EEPROMInit                             0x000015a4   Section        0  eeprom.o(i.EEPROMInit)
    i.EEPROMProgram                          0x000015e8   Section        0  eeprom.o(i.EEPROMProgram)
    i.EEPROMRead                             0x0000174c   Section        0  eeprom.o(i.EEPROMRead)
    i.GPIODirModeSet                         0x00001780   Section        0  gpio.o(i.GPIODirModeSet)
    i.GPIOPadConfigSet                       0x000017a8   Section        0  gpio.o(i.GPIOPadConfigSet)
    i.GPIOPinConfigure                       0x000018e0   Section        0  gpio.o(i.GPIOPinConfigure)
    i.GPIOPinRead                            0x00001924   Section        0  gpio.o(i.GPIOPinRead)
    i.GPIOPinTypeGPIOInput                   0x0000192a   Section        0  gpio.o(i.GPIOPinTypeGPIOInput)
    i.GPIOPinTypeGPIOOutput                  0x00001946   Section        0  gpio.o(i.GPIOPinTypeGPIOOutput)
    i.GPIOPinTypeI2C                         0x00001962   Section        0  gpio.o(i.GPIOPinTypeI2C)
    i.GPIOPinTypeI2CSCL                      0x0000197e   Section        0  gpio.o(i.GPIOPinTypeI2CSCL)
    i.GPIOPinTypePWM                         0x0000199a   Section        0  gpio.o(i.GPIOPinTypePWM)
    i.GPIOPinTypeUART                        0x000019b6   Section        0  gpio.o(i.GPIOPinTypeUART)
    i.I2C0_ReadByte                          0x000019d4   Section        0  main.o(i.I2C0_ReadByte)
    i.I2C0_WriteByte                         0x00001a54   Section        0  main.o(i.I2C0_WriteByte)
    i.I2CMasterBusBusy                       0x00001ac8   Section        0  i2c.o(i.I2CMasterBusBusy)
    i.I2CMasterBusy                          0x00001ad4   Section        0  i2c.o(i.I2CMasterBusy)
    i.I2CMasterControl                       0x00001ae0   Section        0  i2c.o(i.I2CMasterControl)
    i.I2CMasterDataGet                       0x00001ae4   Section        0  i2c.o(i.I2CMasterDataGet)
    i.I2CMasterDataPut                       0x00001ae8   Section        0  i2c.o(i.I2CMasterDataPut)
    i.I2CMasterEnable                        0x00001aec   Section        0  i2c.o(i.I2CMasterEnable)
    i.I2CMasterErr                           0x00001af6   Section        0  i2c.o(i.I2CMasterErr)
    i.I2CMasterInitExpClk                    0x00001b10   Section        0  i2c.o(i.I2CMasterInitExpClk)
    i.I2CMasterSlaveAddrSet                  0x00001b64   Section        0  i2c.o(i.I2CMasterSlaveAddrSet)
    i.IntEnable                              0x00001b6c   Section        0  interrupt.o(i.IntEnable)
    i.IntMasterEnable                        0x00001bd0   Section        0  interrupt.o(i.IntMasterEnable)
    i.Key_detect                             0x00001be0   Section        0  main.o(i.Key_detect)
    i.PWMClockSet                            0x00001cfc   Section        0  pwm.o(i.PWMClockSet)
    i.PWMGenConfigure                        0x00001d10   Section        0  pwm.o(i.PWMGenConfigure)
    i.PWMGenEnable                           0x00001d36   Section        0  pwm.o(i.PWMGenEnable)
    i.PWMGenPeriodSet                        0x00001d40   Section        0  pwm.o(i.PWMGenPeriodSet)
    i.PWMPulseWidthSet                       0x00001d52   Section        0  pwm.o(i.PWMPulseWidthSet)
    i.Press_to_set                           0x00001d74   Section        0  main.o(i.Press_to_set)
    i.Record_display                         0x00001f88   Section        0  main.o(i.Record_display)
    i.Record_set                             0x0000222c   Section        0  main.o(i.Record_set)
    i.Reset                                  0x000023ac   Section        0  main.o(i.Reset)
    i.Ringtone                               0x0000246c   Section        0  main.o(i.Ringtone)
    i.S800_GPIO_Init                         0x000024f0   Section        0  main.o(i.S800_GPIO_Init)
    i.S800_I2C0_Init                         0x00002570   Section        0  main.o(i.S800_I2C0_Init)
    i.S800_PWM_Init                          0x00002608   Section        0  main.o(i.S800_PWM_Init)
    i.S800_Timer0_Init                       0x00002668   Section        0  main.o(i.S800_Timer0_Init)
    i.S800_UART_Init                         0x000026a4   Section        0  main.o(i.S800_UART_Init)
    i.SysCtlClockFreqSet                     0x00002704   Section        0  sysctl.o(i.SysCtlClockFreqSet)
    i.SysCtlPeripheralEnable                 0x000029e8   Section        0  sysctl.o(i.SysCtlPeripheralEnable)
    i.SysCtlPeripheralReady                  0x00002a10   Section        0  sysctl.o(i.SysCtlPeripheralReady)
    i.SysCtlPeripheralReset                  0x00002a3c   Section        0  sysctl.o(i.SysCtlPeripheralReset)
    i.SysCtlReset                            0x00002a78   Section        0  sysctl.o(i.SysCtlReset)
    i.SysTickEnable                          0x00002a88   Section        0  systick.o(i.SysTickEnable)
    i.SysTickInit                            0x00002a98   Section        0  main.o(i.SysTickInit)
    i.SysTickIntEnable                       0x00002abc   Section        0  systick.o(i.SysTickIntEnable)
    i.SysTickPeriodSet                       0x00002aca   Section        0  systick.o(i.SysTickPeriodSet)
    i.SysTick_Handler                        0x00002ad4   Section        0  main.o(i.SysTick_Handler)
    i.SystemInit                             0x00002c7c   Section        0  system_tm4c129.o(i.SystemInit)
    i.TIMER0A_Handler                        0x00002c9c   Section        0  main.o(i.TIMER0A_Handler)
    i.Time_display                           0x00002ea4   Section        0  main.o(i.Time_display)
    i.Time_set                               0x00003194   Section        0  main.o(i.Time_set)
    i.TimerConfigure                         0x000033c0   Section        0  timer.o(i.TimerConfigure)
    i.TimerEnable                            0x00003420   Section        0  timer.o(i.TimerEnable)
    i.TimerIntClear                          0x0000342e   Section        0  timer.o(i.TimerIntClear)
    i.TimerIntEnable                         0x00003432   Section        0  timer.o(i.TimerIntEnable)
    i.TimerIntStatus                         0x0000343a   Section        0  timer.o(i.TimerIntStatus)
    i.TimerLoadSet                           0x00003444   Section        0  timer.o(i.TimerLoadSet)
    i.Trim                                   0x00003456   Section        0  main.o(i.Trim)
    i.UART0_Handler                          0x00003478   Section        0  main.o(i.UART0_Handler)
    i.UARTCharGetNonBlocking                 0x000034f0   Section        0  uart.o(i.UARTCharGetNonBlocking)
    i.UARTCharPut                            0x00003500   Section        0  uart.o(i.UARTCharPut)
    i.UARTCharsAvail                         0x0000350c   Section        0  uart.o(i.UARTCharsAvail)
    i.UARTConfigSetExpClk                    0x00003516   Section        0  uart.o(i.UARTConfigSetExpClk)
    i.UARTIntClear                           0x00003584   Section        0  uart.o(i.UARTIntClear)
    i.UARTIntEnable                          0x00003588   Section        0  uart.o(i.UARTIntEnable)
    i.UARTIntStatus                          0x00003590   Section        0  uart.o(i.UARTIntStatus)
    i.UARTStringPut                          0x0000359c   Section        0  main.o(i.UARTStringPut)
    i.UART_INIT                              0x000035b8   Section        0  main.o(i.UART_INIT)
    i.__ARM_fpclassify                       0x00003cc0   Section        0  fpclassify.o(i.__ARM_fpclassify)
    i.__hardfp_pow                           0x00003cf0   Section        0  pow.o(i.__hardfp_pow)
    i.__kernel_poly                          0x00004940   Section        0  poly.o(i.__kernel_poly)
    i.__mathlib_dbl_divzero                  0x00004a38   Section        0  dunder.o(i.__mathlib_dbl_divzero)
    i.__mathlib_dbl_infnan2                  0x00004a68   Section        0  dunder.o(i.__mathlib_dbl_infnan2)
    i.__mathlib_dbl_invalid                  0x00004a80   Section        0  dunder.o(i.__mathlib_dbl_invalid)
    i.__mathlib_dbl_overflow                 0x00004aa0   Section        0  dunder.o(i.__mathlib_dbl_overflow)
    i.__mathlib_dbl_underflow                0x00004ac0   Section        0  dunder.o(i.__mathlib_dbl_underflow)
    i.fabs                                   0x00004ae0   Section        0  fabs.o(i.fabs)
    i.main                                   0x00004af8   Section        0  main.o(i.main)
    i.sqrt                                   0x00004d7c   Section        0  sqrt.o(i.sqrt)
    locale$$code                             0x00004dec   Section       44  lc_ctype_c.o(locale$$code)
    x$fpl$basic                              0x00004e18   Section       24  basic.o(x$fpl$basic)
    $v0                                      0x00004e18   Number         0  basic.o(x$fpl$basic)
    x$fpl$dadd                               0x00004e30   Section      336  daddsub_clz.o(x$fpl$dadd)
    $v0                                      0x00004e30   Number         0  daddsub_clz.o(x$fpl$dadd)
    _dadd1                                   0x00004e41   Thumb Code     0  daddsub_clz.o(x$fpl$dadd)
    x$fpl$dcheck1                            0x00004f80   Section       16  dcheck1.o(x$fpl$dcheck1)
    $v0                                      0x00004f80   Number         0  dcheck1.o(x$fpl$dcheck1)
    x$fpl$dcmpinf                            0x00004f90   Section       24  dcmpi.o(x$fpl$dcmpinf)
    $v0                                      0x00004f90   Number         0  dcmpi.o(x$fpl$dcmpinf)
    x$fpl$ddiv                               0x00004fa8   Section      688  ddiv.o(x$fpl$ddiv)
    $v0                                      0x00004fa8   Number         0  ddiv.o(x$fpl$ddiv)
    ddiv_entry                               0x00004faf   Thumb Code     0  ddiv.o(x$fpl$ddiv)
    x$fpl$dfixu                              0x00005258   Section       90  dfixu.o(x$fpl$dfixu)
    $v0                                      0x00005258   Number         0  dfixu.o(x$fpl$dfixu)
    x$fpl$dflt                               0x000052b2   Section       46  dflt_clz.o(x$fpl$dflt)
    $v0                                      0x000052b2   Number         0  dflt_clz.o(x$fpl$dflt)
    x$fpl$dleqf                              0x000052e0   Section      120  dleqf.o(x$fpl$dleqf)
    $v0                                      0x000052e0   Number         0  dleqf.o(x$fpl$dleqf)
    x$fpl$dmul                               0x00005358   Section      340  dmul.o(x$fpl$dmul)
    $v0                                      0x00005358   Number         0  dmul.o(x$fpl$dmul)
    x$fpl$dnaninf                            0x000054ac   Section      156  dnaninf.o(x$fpl$dnaninf)
    $v0                                      0x000054ac   Number         0  dnaninf.o(x$fpl$dnaninf)
    x$fpl$dretinf                            0x00005548   Section       12  dretinf.o(x$fpl$dretinf)
    $v0                                      0x00005548   Number         0  dretinf.o(x$fpl$dretinf)
    x$fpl$drleqf                             0x00005554   Section      108  drleqf.o(x$fpl$drleqf)
    $v0                                      0x00005554   Number         0  drleqf.o(x$fpl$drleqf)
    x$fpl$drsb                               0x000055c0   Section       22  daddsub_clz.o(x$fpl$drsb)
    $v0                                      0x000055c0   Number         0  daddsub_clz.o(x$fpl$drsb)
    x$fpl$dsqrt                              0x000055d8   Section      408  dsqrt_umaal.o(x$fpl$dsqrt)
    $v0                                      0x000055d8   Number         0  dsqrt_umaal.o(x$fpl$dsqrt)
    x$fpl$dsub                               0x00005770   Section      468  daddsub_clz.o(x$fpl$dsub)
    $v0                                      0x00005770   Number         0  daddsub_clz.o(x$fpl$dsub)
    _dsub1                                   0x00005781   Thumb Code     0  daddsub_clz.o(x$fpl$dsub)
    x$fpl$fpinit                             0x00005944   Section       10  fpinit.o(x$fpl$fpinit)
    $v0                                      0x00005944   Number         0  fpinit.o(x$fpl$fpinit)
    x$fpl$retnan                             0x0000594e   Section      100  retnan.o(x$fpl$retnan)
    $v0                                      0x0000594e   Number         0  retnan.o(x$fpl$retnan)
    x$fpl$scalbn                             0x000059b2   Section       92  scalbn.o(x$fpl$scalbn)
    $v0                                      0x000059b2   Number         0  scalbn.o(x$fpl$scalbn)
    x$fpl$trapveneer                         0x00005a0e   Section       48  trapv.o(x$fpl$trapveneer)
    $v0                                      0x00005a0e   Number         0  trapv.o(x$fpl$trapveneer)
    x$fpl$usenofp                            0x00005a3e   Section        0  usenofp.o(x$fpl$usenofp)
    .constdata                               0x00005a40   Section      552  gpio.o(.constdata)
    g_ppui32GPIOIntMapBlizzard               0x00005a40   Data         192  gpio.o(.constdata)
    g_ppui32GPIOIntMapSnowflake              0x00005b00   Data         216  gpio.o(.constdata)
    g_pui32GPIOBaseAddrs                     0x00005bd8   Data         144  gpio.o(.constdata)
    .constdata                               0x00005c68   Section      268  interrupt.o(.constdata)
    g_pui32Priority                          0x00005c68   Data          32  interrupt.o(.constdata)
    g_pui32Regs                              0x00005c88   Data         156  interrupt.o(.constdata)
    g_pui32EnRegs                            0x00005d24   Data          20  interrupt.o(.constdata)
    g_pui32Dii16Regs                         0x00005d38   Data          20  interrupt.o(.constdata)
    g_pui32PendRegs                          0x00005d4c   Data          20  interrupt.o(.constdata)
    g_pui32UnpendRegs                        0x00005d60   Data          20  interrupt.o(.constdata)
    .constdata                               0x00005d74   Section      596  sysctl.o(.constdata)
    g_pui32VCOFrequencies                    0x00005d74   Data           8  sysctl.o(.constdata)
    g_pui32Xtals                             0x00005d7c   Data         108  sysctl.o(.constdata)
    g_pppui32XTALtoVCO                       0x00005de8   Data         432  sysctl.o(.constdata)
    g_sXTALtoMEMTIM                          0x00005f98   Data          48  sysctl.o(.constdata)
    .constdata                               0x00005fc8   Section      136  pow.o(.constdata)
    bp                                       0x00005fc8   Data          16  pow.o(.constdata)
    dp_h                                     0x00005fd8   Data          16  pow.o(.constdata)
    dp_l                                     0x00005fe8   Data          16  pow.o(.constdata)
    L                                        0x00005ff8   Data          48  pow.o(.constdata)
    P                                        0x00006028   Data          40  pow.o(.constdata)
    .constdata                               0x00006050   Section        8  qnan.o(.constdata)
    .conststring                             0x00006058   Section       71  main.o(.conststring)
    locale$$data                             0x000060c0   Section      272  lc_ctype_c.o(locale$$data)
    __lcctype_c_name                         0x000060c4   Data           2  lc_ctype_c.o(locale$$data)
    __lcctype_c_start                        0x000060cc   Data           0  lc_ctype_c.o(locale$$data)
    __lcctype_c_end                          0x000061d0   Data           0  lc_ctype_c.o(locale$$data)
    .data                                    0x20000000   Section      238  main.o(.data)
    .data                                    0x200000f0   Section        4  system_tm4c129.o(.data)
    .bss                                     0x200000f4   Section      416  main.o(.bss)
    .bss                                     0x20000294   Section       96  libspace.o(.bss)
    HEAP                                     0x200002f8   Section        0  startup_tm4c129.o(HEAP)
    STACK                                    0x200002f8   Section      512  startup_tm4c129.o(STACK)
    Heap_Mem                                 0x200002f8   Data           0  startup_tm4c129.o(HEAP)
    Stack_Mem                                0x200002f8   Data         512  startup_tm4c129.o(STACK)
    __initial_sp                             0x200004f8   Data           0  startup_tm4c129.o(STACK)

    Global Symbols

    Symbol Name                              Value     Ov Type        Size  Object(Section)

    BuildAttributes$$THM_ISAv4$E$P$D$K$B$S$7EM$VFPi3$EXTD16$VFPS$VFMA$PE$A:L22UL41UL21$X:L11$S22US41US21$IEEE1$IW$USESV6$~STKCKD$USESV7$~SHL$OTIME$ROPI$IEEEX$EBA8$UX$STANDARDLIB$REQ8$PRES8$EABIv2 0x00000000   Number         0  anon$$obj.o ABSOLUTE
    __ARM_use_no_argv                        0x00000000   Number         0  main.o ABSOLUTE
    __Vectors                                0x00000000   Data           4  startup_tm4c129.o(RESET)
    __ARM_exceptions_init                     - Undefined Weak Reference
    __alloca_initialize                       - Undefined Weak Reference
    __arm_preinit_                            - Undefined Weak Reference
    __cpp_initialize__aeabi_                  - Undefined Weak Reference
    __cxa_finalize                            - Undefined Weak Reference
    __sigvec_lookup                           - Undefined Weak Reference
    _atexit_init                              - Undefined Weak Reference
    _call_atexit_fns                          - Undefined Weak Reference
    _clock_init                               - Undefined Weak Reference
    _fp_trap_init                             - Undefined Weak Reference
    _fp_trap_shutdown                         - Undefined Weak Reference
    _get_lc_collate                           - Undefined Weak Reference
    _get_lc_monetary                          - Undefined Weak Reference
    _get_lc_numeric                           - Undefined Weak Reference
    _get_lc_time                              - Undefined Weak Reference
    _getenv_init                              - Undefined Weak Reference
    _handle_redirection                       - Undefined Weak Reference
    _init_alloc                               - Undefined Weak Reference
    _init_user_alloc                          - Undefined Weak Reference
    _initio                                   - Undefined Weak Reference
    _rand_init                                - Undefined Weak Reference
    _signal_finish                            - Undefined Weak Reference
    _signal_init                              - Undefined Weak Reference
    _terminate_alloc                          - Undefined Weak Reference
    _terminate_user_alloc                     - Undefined Weak Reference
    _terminateio                              - Undefined Weak Reference
    __Vectors_End                            0x00000200   Data           0  startup_tm4c129.o(RESET)
    __Vectors_Size                           0x00000200   Number         0  startup_tm4c129.o ABSOLUTE
    __main                                   0x00000201   Thumb Code     8  __main.o(!!!main)
    __scatterload                            0x00000209   Thumb Code     0  __scatter.o(!!!scatter)
    __scatterload_rt2                        0x00000209   Thumb Code    44  __scatter.o(!!!scatter)
    __scatterload_rt2_thumb_only             0x00000209   Thumb Code     0  __scatter.o(!!!scatter)
    __scatterload_null                       0x00000217   Thumb Code     0  __scatter.o(!!!scatter)
    __scatterload_copy                       0x0000023d   Thumb Code    26  __scatter_copy.o(!!handler_copy)
    __scatterload_zeroinit                   0x00000259   Thumb Code    28  __scatter_zi.o(!!handler_zi)
    __rt_lib_init                            0x00000275   Thumb Code     0  libinit.o(.ARM.Collect$$libinit$$00000000)
    __rt_lib_init_fp_1                       0x00000277   Thumb Code     0  libinit2.o(.ARM.Collect$$libinit$$00000001)
    __rt_lib_init_heap_1                     0x0000027b   Thumb Code     0  libinit2.o(.ARM.Collect$$libinit$$0000000A)
    __rt_lib_init_lc_common                  0x0000027b   Thumb Code     0  libinit2.o(.ARM.Collect$$libinit$$0000000F)
    __rt_lib_init_preinit_1                  0x0000027b   Thumb Code     0  libinit2.o(.ARM.Collect$$libinit$$00000004)
    __rt_lib_init_rand_1                     0x0000027b   Thumb Code     0  libinit2.o(.ARM.Collect$$libinit$$0000000E)
    __rt_lib_init_user_alloc_1               0x0000027b   Thumb Code     0  libinit2.o(.ARM.Collect$$libinit$$0000000C)
    __rt_lib_init_lc_collate_1               0x00000281   Thumb Code     0  libinit2.o(.ARM.Collect$$libinit$$00000011)
    __rt_lib_init_lc_ctype_2                 0x00000281   Thumb Code     0  libinit2.o(.ARM.Collect$$libinit$$00000012)
    __rt_lib_init_alloca_1                   0x0000028d   Thumb Code     0  libinit2.o(.ARM.Collect$$libinit$$0000002E)
    __rt_lib_init_argv_1                     0x0000028d   Thumb Code     0  libinit2.o(.ARM.Collect$$libinit$$0000002C)
    __rt_lib_init_atexit_1                   0x0000028d   Thumb Code     0  libinit2.o(.ARM.Collect$$libinit$$0000001B)
    __rt_lib_init_clock_1                    0x0000028d   Thumb Code     0  libinit2.o(.ARM.Collect$$libinit$$00000021)
    __rt_lib_init_cpp_1                      0x0000028d   Thumb Code     0  libinit2.o(.ARM.Collect$$libinit$$00000032)
    __rt_lib_init_exceptions_1               0x0000028d   Thumb Code     0  libinit2.o(.ARM.Collect$$libinit$$00000030)
    __rt_lib_init_fp_trap_1                  0x0000028d   Thumb Code     0  libinit2.o(.ARM.Collect$$libinit$$0000001F)
    __rt_lib_init_getenv_1                   0x0000028d   Thumb Code     0  libinit2.o(.ARM.Collect$$libinit$$00000023)
    __rt_lib_init_lc_ctype_1                 0x0000028d   Thumb Code     0  libinit2.o(.ARM.Collect$$libinit$$00000013)
    __rt_lib_init_lc_monetary_1              0x0000028d   Thumb Code     0  libinit2.o(.ARM.Collect$$libinit$$00000015)
    __rt_lib_init_lc_numeric_1               0x0000028d   Thumb Code     0  libinit2.o(.ARM.Collect$$libinit$$00000017)
    __rt_lib_init_lc_time_1                  0x0000028d   Thumb Code     0  libinit2.o(.ARM.Collect$$libinit$$00000019)
    __rt_lib_init_return                     0x0000028d   Thumb Code     0  libinit2.o(.ARM.Collect$$libinit$$00000033)
    __rt_lib_init_signal_1                   0x0000028d   Thumb Code     0  libinit2.o(.ARM.Collect$$libinit$$0000001D)
    __rt_lib_init_stdio_1                    0x0000028d   Thumb Code     0  libinit2.o(.ARM.Collect$$libinit$$00000025)
    __rt_lib_shutdown                        0x0000028f   Thumb Code     0  libshutdown.o(.ARM.Collect$$libshutdown$$00000000)
    __rt_lib_shutdown_cpp_1                  0x00000291   Thumb Code     0  libshutdown2.o(.ARM.Collect$$libshutdown$$00000002)
    __rt_lib_shutdown_fp_trap_1              0x00000291   Thumb Code     0  libshutdown2.o(.ARM.Collect$$libshutdown$$00000007)
    __rt_lib_shutdown_heap_1                 0x00000291   Thumb Code     0  libshutdown2.o(.ARM.Collect$$libshutdown$$0000000F)
    __rt_lib_shutdown_return                 0x00000291   Thumb Code     0  libshutdown2.o(.ARM.Collect$$libshutdown$$00000010)
    __rt_lib_shutdown_signal_1               0x00000291   Thumb Code     0  libshutdown2.o(.ARM.Collect$$libshutdown$$0000000A)
    __rt_lib_shutdown_stdio_1                0x00000291   Thumb Code     0  libshutdown2.o(.ARM.Collect$$libshutdown$$00000004)
    __rt_lib_shutdown_user_alloc_1           0x00000291   Thumb Code     0  libshutdown2.o(.ARM.Collect$$libshutdown$$0000000C)
    __rt_entry                               0x00000293   Thumb Code     0  __rtentry.o(.ARM.Collect$$rtentry$$00000000)
    __rt_entry_presh_1                       0x00000293   Thumb Code     0  __rtentry2.o(.ARM.Collect$$rtentry$$00000002)
    __rt_entry_sh                            0x00000293   Thumb Code     0  __rtentry4.o(.ARM.Collect$$rtentry$$00000004)
    __rt_entry_li                            0x00000299   Thumb Code     0  __rtentry2.o(.ARM.Collect$$rtentry$$0000000A)
    __rt_entry_postsh_1                      0x00000299   Thumb Code     0  __rtentry2.o(.ARM.Collect$$rtentry$$00000009)
    __rt_entry_main                          0x0000029d   Thumb Code     0  __rtentry2.o(.ARM.Collect$$rtentry$$0000000D)
    __rt_entry_postli_1                      0x0000029d   Thumb Code     0  __rtentry2.o(.ARM.Collect$$rtentry$$0000000C)
    __rt_exit                                0x000002a5   Thumb Code     0  rtexit.o(.ARM.Collect$$rtexit$$00000000)
    __rt_exit_ls                             0x000002a7   Thumb Code     0  rtexit2.o(.ARM.Collect$$rtexit$$00000003)
    __rt_exit_prels_1                        0x000002a7   Thumb Code     0  rtexit2.o(.ARM.Collect$$rtexit$$00000002)
    __rt_exit_exit                           0x000002ab   Thumb Code     0  rtexit2.o(.ARM.Collect$$rtexit$$00000004)
    SysCtlDelay                              0x000002b1   Thumb Code     6  sysctl.o(.emb_text)
    CPUcpsid                                 0x000002b9   Thumb Code     8  cpu.o(.emb_text)
    CPUprimask                               0x000002c1   Thumb Code     6  cpu.o(.emb_text)
    CPUcpsie                                 0x000002c7   Thumb Code     8  cpu.o(.emb_text)
    CPUwfi                                   0x000002cf   Thumb Code     4  cpu.o(.emb_text)
    CPUbasepriSet                            0x000002d3   Thumb Code     6  cpu.o(.emb_text)
    CPUbasepriGet                            0x000002d9   Thumb Code     6  cpu.o(.emb_text)
    Reset_Handler                            0x000002e1   Thumb Code     8  startup_tm4c129.o(.text)
    NMI_Handler                              0x000002e9   Thumb Code     2  startup_tm4c129.o(.text)
    HardFault_Handler                        0x000002eb   Thumb Code     2  startup_tm4c129.o(.text)
    MemManage_Handler                        0x000002ed   Thumb Code     2  startup_tm4c129.o(.text)
    BusFault_Handler                         0x000002ef   Thumb Code     2  startup_tm4c129.o(.text)
    UsageFault_Handler                       0x000002f1   Thumb Code     2  startup_tm4c129.o(.text)
    SVC_Handler                              0x000002f3   Thumb Code     2  startup_tm4c129.o(.text)
    DebugMon_Handler                         0x000002f5   Thumb Code     2  startup_tm4c129.o(.text)
    PendSV_Handler                           0x000002f7   Thumb Code     2  startup_tm4c129.o(.text)
    GPIOA_Handler                            0x000002fb   Thumb Code     2  startup_tm4c129.o(.text)
    GPIOB_Handler                            0x000002fd   Thumb Code     2  startup_tm4c129.o(.text)
    GPIOC_Handler                            0x000002ff   Thumb Code     2  startup_tm4c129.o(.text)
    GPIOD_Handler                            0x00000301   Thumb Code     2  startup_tm4c129.o(.text)
    GPIOE_Handler                            0x00000303   Thumb Code     2  startup_tm4c129.o(.text)
    UART1_Handler                            0x00000307   Thumb Code     2  startup_tm4c129.o(.text)
    SSI0_Handler                             0x00000309   Thumb Code     2  startup_tm4c129.o(.text)
    I2C0_Handler                             0x0000030b   Thumb Code     2  startup_tm4c129.o(.text)
    PMW0_FAULT_Handler                       0x0000030d   Thumb Code     2  startup_tm4c129.o(.text)
    PWM0_0_Handler                           0x0000030f   Thumb Code     2  startup_tm4c129.o(.text)
    PWM0_1_Handler                           0x00000311   Thumb Code     2  startup_tm4c129.o(.text)
    PWM0_2_Handler                           0x00000313   Thumb Code     2  startup_tm4c129.o(.text)
    QEI0_Handler                             0x00000315   Thumb Code     2  startup_tm4c129.o(.text)
    ADC0SS0_Handler                          0x00000317   Thumb Code     2  startup_tm4c129.o(.text)
    ADC0SS1_Handler                          0x00000319   Thumb Code     2  startup_tm4c129.o(.text)
    ADC0SS2_Handler                          0x0000031b   Thumb Code     2  startup_tm4c129.o(.text)
    ADC0SS3_Handler                          0x0000031d   Thumb Code     2  startup_tm4c129.o(.text)
    WDT0_Handler                             0x0000031f   Thumb Code     2  startup_tm4c129.o(.text)
    TIMER0B_Handler                          0x00000323   Thumb Code     2  startup_tm4c129.o(.text)
    TIMER1A_Handler                          0x00000325   Thumb Code     2  startup_tm4c129.o(.text)
    TIMER1B_Handler                          0x00000327   Thumb Code     2  startup_tm4c129.o(.text)
    TIMER2A_Handler                          0x00000329   Thumb Code     2  startup_tm4c129.o(.text)
    TIMER2B_Handler                          0x0000032b   Thumb Code     2  startup_tm4c129.o(.text)
    COMP0_Handler                            0x0000032d   Thumb Code     2  startup_tm4c129.o(.text)
    COMP1_Handler                            0x0000032f   Thumb Code     2  startup_tm4c129.o(.text)
    COMP2_Handler                            0x00000331   Thumb Code     2  startup_tm4c129.o(.text)
    SYSCTL_Handler                           0x00000333   Thumb Code     2  startup_tm4c129.o(.text)
    FLASH_Handler                            0x00000335   Thumb Code     2  startup_tm4c129.o(.text)
    GPIOF_Handler                            0x00000337   Thumb Code     2  startup_tm4c129.o(.text)
    GPIOG_Handler                            0x00000339   Thumb Code     2  startup_tm4c129.o(.text)
    GPIOH_Handler                            0x0000033b   Thumb Code     2  startup_tm4c129.o(.text)
    UART2_Handler                            0x0000033d   Thumb Code     2  startup_tm4c129.o(.text)
    SSI1_Handler                             0x0000033f   Thumb Code     2  startup_tm4c129.o(.text)
    TIMER3A_Handler                          0x00000341   Thumb Code     2  startup_tm4c129.o(.text)
    TIMER3B_Handler                          0x00000343   Thumb Code     2  startup_tm4c129.o(.text)
    I2C1_Handler                             0x00000345   Thumb Code     2  startup_tm4c129.o(.text)
    CAN0_Handler                             0x00000347   Thumb Code     2  startup_tm4c129.o(.text)
    CAN1_Handler                             0x00000349   Thumb Code     2  startup_tm4c129.o(.text)
    ETH_Handler                              0x0000034b   Thumb Code     2  startup_tm4c129.o(.text)
    HIB_Handler                              0x0000034d   Thumb Code     2  startup_tm4c129.o(.text)
    USB0_Handler                             0x0000034f   Thumb Code     2  startup_tm4c129.o(.text)
    PWM0_3_Handler                           0x00000351   Thumb Code     2  startup_tm4c129.o(.text)
    UDMA_Handler                             0x00000353   Thumb Code     2  startup_tm4c129.o(.text)
    UDMAERR_Handler                          0x00000355   Thumb Code     2  startup_tm4c129.o(.text)
    ADC1SS0_Handler                          0x00000357   Thumb Code     2  startup_tm4c129.o(.text)
    ADC1SS1_Handler                          0x00000359   Thumb Code     2  startup_tm4c129.o(.text)
    ADC1SS2_Handler                          0x0000035b   Thumb Code     2  startup_tm4c129.o(.text)
    ADC1SS3_Handler                          0x0000035d   Thumb Code     2  startup_tm4c129.o(.text)
    EBI0_Handler                             0x0000035f   Thumb Code     2  startup_tm4c129.o(.text)
    GPIOJ_Handler                            0x00000361   Thumb Code     2  startup_tm4c129.o(.text)
    GPIOK_Handler                            0x00000363   Thumb Code     2  startup_tm4c129.o(.text)
    GPIOL_Handler                            0x00000365   Thumb Code     2  startup_tm4c129.o(.text)
    SSI2_Handler                             0x00000367   Thumb Code     2  startup_tm4c129.o(.text)
    SSI3_Handler                             0x00000369   Thumb Code     2  startup_tm4c129.o(.text)
    UART3_Handler                            0x0000036b   Thumb Code     2  startup_tm4c129.o(.text)
    UART4_Handler                            0x0000036d   Thumb Code     2  startup_tm4c129.o(.text)
    UART5_Handler                            0x0000036f   Thumb Code     2  startup_tm4c129.o(.text)
    UART6_Handler                            0x00000371   Thumb Code     2  startup_tm4c129.o(.text)
    UART7_Handler                            0x00000373   Thumb Code     2  startup_tm4c129.o(.text)
    I2C2_Handler                             0x00000375   Thumb Code     2  startup_tm4c129.o(.text)
    I2C3_Handler                             0x00000377   Thumb Code     2  startup_tm4c129.o(.text)
    TIMER4A_Handler                          0x00000379   Thumb Code     2  startup_tm4c129.o(.text)
    TIMER4B_Handler                          0x0000037b   Thumb Code     2  startup_tm4c129.o(.text)
    TIMER5A_Handler                          0x0000037d   Thumb Code     2  startup_tm4c129.o(.text)
    TIMER5B_Handler                          0x0000037f   Thumb Code     2  startup_tm4c129.o(.text)
    WTIMER0A_Handler                         0x00000381   Thumb Code     2  startup_tm4c129.o(.text)
    WTIMER0B_Handler                         0x00000383   Thumb Code     2  startup_tm4c129.o(.text)
    WTIMER1A_Handler                         0x00000385   Thumb Code     2  startup_tm4c129.o(.text)
    WTIMER1B_Handler                         0x00000387   Thumb Code     2  startup_tm4c129.o(.text)
    WTIMER2A_Handler                         0x00000389   Thumb Code     2  startup_tm4c129.o(.text)
    WTIMER2B_Handler                         0x0000038b   Thumb Code     2  startup_tm4c129.o(.text)
    WTIMER3A_Handler                         0x0000038d   Thumb Code     2  startup_tm4c129.o(.text)
    WTIMER3B_Handler                         0x0000038f   Thumb Code     2  startup_tm4c129.o(.text)
    WTIMER4A_Handler                         0x00000391   Thumb Code     2  startup_tm4c129.o(.text)
    WTIMER4B_Handler                         0x00000393   Thumb Code     2  startup_tm4c129.o(.text)
    WTIMER5A_Handler                         0x00000395   Thumb Code     2  startup_tm4c129.o(.text)
    WTIMER5B_Handler                         0x00000397   Thumb Code     2  startup_tm4c129.o(.text)
    FPU_Handler                              0x00000399   Thumb Code     2  startup_tm4c129.o(.text)
    I2C4_Handler                             0x0000039b   Thumb Code     2  startup_tm4c129.o(.text)
    I2C5_Handler                             0x0000039d   Thumb Code     2  startup_tm4c129.o(.text)
    GPIOM_Handler                            0x0000039f   Thumb Code     2  startup_tm4c129.o(.text)
    GPION_Handler                            0x000003a1   Thumb Code     2  startup_tm4c129.o(.text)
    TAMPER_Handler                           0x000003a3   Thumb Code     2  startup_tm4c129.o(.text)
    GPIOP0_Handler                           0x000003a5   Thumb Code     2  startup_tm4c129.o(.text)
    GPIOP1_Handler                           0x000003a7   Thumb Code     2  startup_tm4c129.o(.text)
    GPIOP2_Handler                           0x000003a9   Thumb Code     2  startup_tm4c129.o(.text)
    GPIOP3_Handler                           0x000003ab   Thumb Code     2  startup_tm4c129.o(.text)
    GPIOP4_Handler                           0x000003ad   Thumb Code     2  startup_tm4c129.o(.text)
    GPIOP5_Handler                           0x000003af   Thumb Code     2  startup_tm4c129.o(.text)
    GPIOP6_Handler                           0x000003b1   Thumb Code     2  startup_tm4c129.o(.text)
    GPIOP7_Handler                           0x000003b3   Thumb Code     2  startup_tm4c129.o(.text)
    GPIOQ0_Handler                           0x000003b5   Thumb Code     2  startup_tm4c129.o(.text)
    GPIOQ1_Handler                           0x000003b7   Thumb Code     2  startup_tm4c129.o(.text)
    GPIOQ2_Handler                           0x000003b9   Thumb Code     2  startup_tm4c129.o(.text)
    GPIOQ3_Handler                           0x000003bb   Thumb Code     2  startup_tm4c129.o(.text)
    GPIOQ4_Handler                           0x000003bd   Thumb Code     2  startup_tm4c129.o(.text)
    GPIOQ5_Handler                           0x000003bf   Thumb Code     2  startup_tm4c129.o(.text)
    GPIOQ6_Handler                           0x000003c1   Thumb Code     2  startup_tm4c129.o(.text)
    GPIOQ7_Handler                           0x000003c3   Thumb Code     2  startup_tm4c129.o(.text)
    GPIOR_Handler                            0x000003c5   Thumb Code     2  startup_tm4c129.o(.text)
    GPIOS_Handler                            0x000003c7   Thumb Code     2  startup_tm4c129.o(.text)
    SHAMD5_Handler                           0x000003c9   Thumb Code     2  startup_tm4c129.o(.text)
    AES_Handler                              0x000003cb   Thumb Code     2  startup_tm4c129.o(.text)
    DES3DES_Handler                          0x000003cd   Thumb Code     2  startup_tm4c129.o(.text)
    LCDCONTROLLER_Handler                    0x000003cf   Thumb Code     2  startup_tm4c129.o(.text)
    TIMER6A_Handler                          0x000003d1   Thumb Code     2  startup_tm4c129.o(.text)
    TIMER6B_Handler                          0x000003d3   Thumb Code     2  startup_tm4c129.o(.text)
    TIMER7A_Handler                          0x000003d5   Thumb Code     2  startup_tm4c129.o(.text)
    TIMER7B_Handler                          0x000003d7   Thumb Code     2  startup_tm4c129.o(.text)
    I2C6_Handler                             0x000003d9   Thumb Code     2  startup_tm4c129.o(.text)
    I2C7_Handler                             0x000003db   Thumb Code     2  startup_tm4c129.o(.text)
    HIMSCANKEYBOARD_Handler                  0x000003dd   Thumb Code     2  startup_tm4c129.o(.text)
    ONEWIRE_Handler                          0x000003df   Thumb Code     2  startup_tm4c129.o(.text)
    HIMPS2_Handler                           0x000003e1   Thumb Code     2  startup_tm4c129.o(.text)
    HIMLEDSEQUENCER_Handler                  0x000003e3   Thumb Code     2  startup_tm4c129.o(.text)
    HIMCONSUMERIR_Handler                    0x000003e5   Thumb Code     2  startup_tm4c129.o(.text)
    I2C8_Handler                             0x000003e7   Thumb Code     2  startup_tm4c129.o(.text)
    I2C9_Handler                             0x000003e9   Thumb Code     2  startup_tm4c129.o(.text)
    GPIOT_Handler                            0x000003eb   Thumb Code     2  startup_tm4c129.o(.text)
    __user_initial_stackheap                 0x000003ed   Thumb Code     0  startup_tm4c129.o(.text)
    toupper                                  0x0000040d   Thumb Code    30  toupper.o(.text)
    strncmp                                  0x0000042b   Thumb Code   150  strncmp.o(.text)
    __use_two_region_memory                  0x000004c1   Thumb Code     2  heapauxi.o(.text)
    __rt_heap_escrow$2region                 0x000004c3   Thumb Code     2  heapauxi.o(.text)
    __rt_heap_expand$2region                 0x000004c5   Thumb Code     2  heapauxi.o(.text)
    __rt_ctype_table                         0x000004c9   Thumb Code    16  rt_ctype_table.o(.text)
    __read_errno                             0x000004d9   Thumb Code    10  _rserrno.o(.text)
    __set_errno                              0x000004e3   Thumb Code    12  _rserrno.o(.text)
    __rt_locale                              0x000004f1   Thumb Code     8  rt_locale_intlibspace.o(.text)
    __aeabi_errno_addr                       0x000004f9   Thumb Code     8  rt_errno_addr_intlibspace.o(.text)
    __errno$intlibspace                      0x000004f9   Thumb Code     0  rt_errno_addr_intlibspace.o(.text)
    __rt_errno_addr$intlibspace              0x000004f9   Thumb Code     0  rt_errno_addr_intlibspace.o(.text)
    __user_libspace                          0x00000501   Thumb Code     8  libspace.o(.text)
    __user_perproc_libspace                  0x00000501   Thumb Code     0  libspace.o(.text)
    __user_perthread_libspace                0x00000501   Thumb Code     0  libspace.o(.text)
    __user_setup_stackheap                   0x00000509   Thumb Code    74  sys_stackheap_outer.o(.text)
    exit                                     0x00000553   Thumb Code    18  exit.o(.text)
    strcmp                                   0x00000565   Thumb Code   128  strcmpv7m.o(.text)
    _sys_exit                                0x000005e5   Thumb Code     8  sys_exit.o(.text)
    __I$use$semihosting                      0x000005f1   Thumb Code     0  use_no_semi.o(.text)
    __use_no_semihosting_swi                 0x000005f1   Thumb Code     2  use_no_semi.o(.text)
    __semihosting_library_function           0x000005f3   Thumb Code     0  indicate_semi.o(.text)
    Alarm_display                            0x000005f5   Thumb Code  1486  main.o(i.Alarm_display)
    Alarm_set                                0x00000bed   Thumb Code   612  main.o(i.Alarm_set)
    Boot                                     0x00000eb5   Thumb Code   176  main.o(i.Boot)
    Date_display                             0x00000f89   Thumb Code   694  main.o(i.Date_display)
    Date_set                                 0x0000126d   Thumb Code   742  main.o(i.Date_set)
    Delay                                    0x00001599   Thumb Code    12  main.o(i.Delay)
    EEPROMInit                               0x000015a5   Thumb Code    60  eeprom.o(i.EEPROMInit)
    EEPROMProgram                            0x000015e9   Thumb Code   334  eeprom.o(i.EEPROMProgram)
    EEPROMRead                               0x0000174d   Thumb Code    48  eeprom.o(i.EEPROMRead)
    GPIODirModeSet                           0x00001781   Thumb Code    40  gpio.o(i.GPIODirModeSet)
    GPIOPadConfigSet                         0x000017a9   Thumb Code   312  gpio.o(i.GPIOPadConfigSet)
    GPIOPinConfigure                         0x000018e1   Thumb Code    60  gpio.o(i.GPIOPinConfigure)
    GPIOPinRead                              0x00001925   Thumb Code     6  gpio.o(i.GPIOPinRead)
    GPIOPinTypeGPIOInput                     0x0000192b   Thumb Code    28  gpio.o(i.GPIOPinTypeGPIOInput)
    GPIOPinTypeGPIOOutput                    0x00001947   Thumb Code    28  gpio.o(i.GPIOPinTypeGPIOOutput)
    GPIOPinTypeI2C                           0x00001963   Thumb Code    28  gpio.o(i.GPIOPinTypeI2C)
    GPIOPinTypeI2CSCL                        0x0000197f   Thumb Code    28  gpio.o(i.GPIOPinTypeI2CSCL)
    GPIOPinTypePWM                           0x0000199b   Thumb Code    28  gpio.o(i.GPIOPinTypePWM)
    GPIOPinTypeUART                          0x000019b7   Thumb Code    28  gpio.o(i.GPIOPinTypeUART)
    I2C0_ReadByte                            0x000019d5   Thumb Code   122  main.o(i.I2C0_ReadByte)
    I2C0_WriteByte                           0x00001a55   Thumb Code   110  main.o(i.I2C0_WriteByte)
    I2CMasterBusBusy                         0x00001ac9   Thumb Code    12  i2c.o(i.I2CMasterBusBusy)
    I2CMasterBusy                            0x00001ad5   Thumb Code    12  i2c.o(i.I2CMasterBusy)
    I2CMasterControl                         0x00001ae1   Thumb Code     4  i2c.o(i.I2CMasterControl)
    I2CMasterDataGet                         0x00001ae5   Thumb Code     4  i2c.o(i.I2CMasterDataGet)
    I2CMasterDataPut                         0x00001ae9   Thumb Code     4  i2c.o(i.I2CMasterDataPut)
    I2CMasterEnable                          0x00001aed   Thumb Code    10  i2c.o(i.I2CMasterEnable)
    I2CMasterErr                             0x00001af7   Thumb Code    24  i2c.o(i.I2CMasterErr)
    I2CMasterInitExpClk                      0x00001b11   Thumb Code    72  i2c.o(i.I2CMasterInitExpClk)
    I2CMasterSlaveAddrSet                    0x00001b65   Thumb Code     8  i2c.o(i.I2CMasterSlaveAddrSet)
    IntEnable                                0x00001b6d   Thumb Code    92  interrupt.o(i.IntEnable)
    IntMasterEnable                          0x00001bd1   Thumb Code    14  interrupt.o(i.IntMasterEnable)
    Key_detect                               0x00001be1   Thumb Code   240  main.o(i.Key_detect)
    PWMClockSet                              0x00001cfd   Thumb Code    20  pwm.o(i.PWMClockSet)
    PWMGenConfigure                          0x00001d11   Thumb Code    38  pwm.o(i.PWMGenConfigure)
    PWMGenEnable                             0x00001d37   Thumb Code    10  pwm.o(i.PWMGenEnable)
    PWMGenPeriodSet                          0x00001d41   Thumb Code    18  pwm.o(i.PWMGenPeriodSet)
    PWMPulseWidthSet                         0x00001d53   Thumb Code    32  pwm.o(i.PWMPulseWidthSet)
    Press_to_set                             0x00001d75   Thumb Code   484  main.o(i.Press_to_set)
    Record_display                           0x00001f89   Thumb Code   630  main.o(i.Record_display)
    Record_set                               0x0000222d   Thumb Code   326  main.o(i.Record_set)
    Reset                                    0x000023ad   Thumb Code   132  main.o(i.Reset)
    Ringtone                                 0x0000246d   Thumb Code    84  main.o(i.Ringtone)
    S800_GPIO_Init                           0x000024f1   Thumb Code   108  main.o(i.S800_GPIO_Init)
    S800_I2C0_Init                           0x00002571   Thumb Code   122  main.o(i.S800_I2C0_Init)
    S800_PWM_Init                            0x00002609   Thumb Code    82  main.o(i.S800_PWM_Init)
    S800_Timer0_Init                         0x00002669   Thumb Code    46  main.o(i.S800_Timer0_Init)
    S800_UART_Init                           0x000026a5   Thumb Code    74  main.o(i.S800_UART_Init)
    SysCtlClockFreqSet                       0x00002705   Thumb Code   700  sysctl.o(i.SysCtlClockFreqSet)
    SysCtlPeripheralEnable                   0x000029e9   Thumb Code    36  sysctl.o(i.SysCtlPeripheralEnable)
    SysCtlPeripheralReady                    0x00002a11   Thumb Code    40  sysctl.o(i.SysCtlPeripheralReady)
    SysCtlPeripheralReset                    0x00002a3d   Thumb Code    56  sysctl.o(i.SysCtlPeripheralReset)
    SysCtlReset                              0x00002a79   Thumb Code     8  sysctl.o(i.SysCtlReset)
    SysTickEnable                            0x00002a89   Thumb Code    14  systick.o(i.SysTickEnable)
    SysTickInit                              0x00002a99   Thumb Code    30  main.o(i.SysTickInit)
    SysTickIntEnable                         0x00002abd   Thumb Code    14  systick.o(i.SysTickIntEnable)
    SysTickPeriodSet                         0x00002acb   Thumb Code    10  systick.o(i.SysTickPeriodSet)
    SysTick_Handler                          0x00002ad5   Thumb Code   348  main.o(i.SysTick_Handler)
    SystemInit                               0x00002c7d   Thumb Code    20  system_tm4c129.o(i.SystemInit)
    TIMER0A_Handler                          0x00002c9d   Thumb Code   450  main.o(i.TIMER0A_Handler)
    Time_display                             0x00002ea5   Thumb Code   708  main.o(i.Time_display)
    Time_set                                 0x00003195   Thumb Code   494  main.o(i.Time_set)
    TimerConfigure                           0x000033c1   Thumb Code    88  timer.o(i.TimerConfigure)
    TimerEnable                              0x00003421   Thumb Code    14  timer.o(i.TimerEnable)
    TimerIntClear                            0x0000342f   Thumb Code     4  timer.o(i.TimerIntClear)
    TimerIntEnable                           0x00003433   Thumb Code     8  timer.o(i.TimerIntEnable)
    TimerIntStatus                           0x0000343b   Thumb Code    10  timer.o(i.TimerIntStatus)
    TimerLoadSet                             0x00003445   Thumb Code    18  timer.o(i.TimerLoadSet)
    Trim                                     0x00003457   Thumb Code    34  main.o(i.Trim)
    UART0_Handler                            0x00003479   Thumb Code   104  main.o(i.UART0_Handler)
    UARTCharGetNonBlocking                   0x000034f1   Thumb Code    16  uart.o(i.UARTCharGetNonBlocking)
    UARTCharPut                              0x00003501   Thumb Code    12  uart.o(i.UARTCharPut)
    UARTCharsAvail                           0x0000350d   Thumb Code    10  uart.o(i.UARTCharsAvail)
    UARTConfigSetExpClk                      0x00003517   Thumb Code   110  uart.o(i.UARTConfigSetExpClk)
    UARTIntClear                             0x00003585   Thumb Code     4  uart.o(i.UARTIntClear)
    UARTIntEnable                            0x00003589   Thumb Code     8  uart.o(i.UARTIntEnable)
    UARTIntStatus                            0x00003591   Thumb Code    10  uart.o(i.UARTIntStatus)
    UARTStringPut                            0x0000359d   Thumb Code    24  main.o(i.UARTStringPut)
    UART_INIT                                0x000035b9   Thumb Code   854  main.o(i.UART_INIT)
    __ARM_fpclassify                         0x00003cc1   Thumb Code    48  fpclassify.o(i.__ARM_fpclassify)
    __hardfp_pow                             0x00003cf1   Thumb Code  3072  pow.o(i.__hardfp_pow)
    __kernel_poly                            0x00004941   Thumb Code   248  poly.o(i.__kernel_poly)
    __mathlib_dbl_divzero                    0x00004a39   Thumb Code    28  dunder.o(i.__mathlib_dbl_divzero)
    __mathlib_dbl_infnan2                    0x00004a69   Thumb Code    20  dunder.o(i.__mathlib_dbl_infnan2)
    __mathlib_dbl_invalid                    0x00004a81   Thumb Code    24  dunder.o(i.__mathlib_dbl_invalid)
    __mathlib_dbl_overflow                   0x00004aa1   Thumb Code    24  dunder.o(i.__mathlib_dbl_overflow)
    __mathlib_dbl_underflow                  0x00004ac1   Thumb Code    24  dunder.o(i.__mathlib_dbl_underflow)
    fabs                                     0x00004ae1   Thumb Code    24  fabs.o(i.fabs)
    main                                     0x00004af9   Thumb Code   496  main.o(i.main)
    sqrt                                     0x00004d7d   Thumb Code   110  sqrt.o(i.sqrt)
    _get_lc_ctype                            0x00004ded   Thumb Code    44  lc_ctype_c.o(locale$$code)
    __aeabi_dneg                             0x00004e19   Thumb Code     0  basic.o(x$fpl$basic)
    _dneg                                    0x00004e19   Thumb Code     6  basic.o(x$fpl$basic)
    __aeabi_fneg                             0x00004e1f   Thumb Code     0  basic.o(x$fpl$basic)
    _fneg                                    0x00004e1f   Thumb Code     6  basic.o(x$fpl$basic)
    _dabs                                    0x00004e25   Thumb Code     6  basic.o(x$fpl$basic)
    _fabs                                    0x00004e2b   Thumb Code     6  basic.o(x$fpl$basic)
    __aeabi_dadd                             0x00004e31   Thumb Code     0  daddsub_clz.o(x$fpl$dadd)
    _dadd                                    0x00004e31   Thumb Code   332  daddsub_clz.o(x$fpl$dadd)
    __fpl_dcheck_NaN1                        0x00004f81   Thumb Code    10  dcheck1.o(x$fpl$dcheck1)
    __fpl_dcmp_Inf                           0x00004f91   Thumb Code    24  dcmpi.o(x$fpl$dcmpinf)
    __aeabi_ddiv                             0x00004fa9   Thumb Code     0  ddiv.o(x$fpl$ddiv)
    _ddiv                                    0x00004fa9   Thumb Code   552  ddiv.o(x$fpl$ddiv)
    __aeabi_d2uiz                            0x00005259   Thumb Code     0  dfixu.o(x$fpl$dfixu)
    _dfixu                                   0x00005259   Thumb Code    90  dfixu.o(x$fpl$dfixu)
    __aeabi_i2d                              0x000052b3   Thumb Code     0  dflt_clz.o(x$fpl$dflt)
    _dflt                                    0x000052b3   Thumb Code    46  dflt_clz.o(x$fpl$dflt)
    __aeabi_cdcmple                          0x000052e1   Thumb Code     0  dleqf.o(x$fpl$dleqf)
    _dcmple                                  0x000052e1   Thumb Code   120  dleqf.o(x$fpl$dleqf)
    __fpl_dcmple_InfNaN                      0x00005343   Thumb Code     0  dleqf.o(x$fpl$dleqf)
    __aeabi_dmul                             0x00005359   Thumb Code     0  dmul.o(x$fpl$dmul)
    _dmul                                    0x00005359   Thumb Code   332  dmul.o(x$fpl$dmul)
    __fpl_dnaninf                            0x000054ad   Thumb Code   156  dnaninf.o(x$fpl$dnaninf)
    __fpl_dretinf                            0x00005549   Thumb Code    12  dretinf.o(x$fpl$dretinf)
    __aeabi_cdrcmple                         0x00005555   Thumb Code     0  drleqf.o(x$fpl$drleqf)
    _drcmple                                 0x00005555   Thumb Code   108  drleqf.o(x$fpl$drleqf)
    __aeabi_drsub                            0x000055c1   Thumb Code     0  daddsub_clz.o(x$fpl$drsb)
    _drsb                                    0x000055c1   Thumb Code    22  daddsub_clz.o(x$fpl$drsb)
    _dsqrt                                   0x000055d9   Thumb Code   404  dsqrt_umaal.o(x$fpl$dsqrt)
    __aeabi_dsub                             0x00005771   Thumb Code     0  daddsub_clz.o(x$fpl$dsub)
    _dsub                                    0x00005771   Thumb Code   464  daddsub_clz.o(x$fpl$dsub)
    _fp_init                                 0x00005945   Thumb Code    10  fpinit.o(x$fpl$fpinit)
    __fplib_config_fpu_vfp                   0x0000594d   Thumb Code     0  fpinit.o(x$fpl$fpinit)
    __fplib_config_pureend_doubles           0x0000594d   Thumb Code     0  fpinit.o(x$fpl$fpinit)
    __fpl_return_NaN                         0x0000594f   Thumb Code   100  retnan.o(x$fpl$retnan)
    __ARM_scalbn                             0x000059b3   Thumb Code    92  scalbn.o(x$fpl$scalbn)
    __fpl_cmpreturn                          0x00005a0f   Thumb Code    48  trapv.o(x$fpl$trapveneer)
    __I$use$fp                               0x00005a3e   Number         0  usenofp.o(x$fpl$usenofp)
    __mathlib_zero                           0x00006050   Data           8  qnan.o(.constdata)
    Region$$Table$$Base                      0x000060a0   Number         0  anon$$obj.o(Region$$Table)
    Region$$Table$$Limit                     0x000060c0   Number         0  anon$$obj.o(Region$$Table)
    __ctype                                  0x000060cd   Data           0  lc_ctype_c.o(locale$$data)
    result                                   0x20000000   Data           1  main.o(.data)
    t                                        0x20000002   Data           2  main.o(.data)
    numbers                                  0x20000004   Data          10  main.o(.data)
    StudentID                                0x2000000e   Data           9  main.o(.data)
    seg7                                     0x20000017   Data          17  main.o(.data)
    seg71                                    0x20000028   Data          10  main.o(.data)
    Serial                                   0x20000032   Data           8  main.o(.data)
    State_Get                                0x2000003a   Data           8  main.o(.data)
    RxEndFlag                                0x20000042   Data           1  main.o(.data)
    isReverse                                0x20000043   Data           1  main.o(.data)
    seg_pos                                  0x20000044   Data           1  main.o(.data)
    seg_blink                                0x20000045   Data           1  main.o(.data)
    seg_bit                                  0x20000046   Data           1  main.o(.data)
    cnt                                      0x20000047   Data           1  main.o(.data)
    isboot                                   0x20000048   Data           1  main.o(.data)
    isSoftReset                              0x20000049   Data           1  main.o(.data)
    isSet                                    0x2000004a   Data           1  main.o(.data)
    set_flag                                 0x2000004b   Data           1  main.o(.data)
    yes                                      0x2000004c   Data           1  main.o(.data)
    cancel                                   0x2000004d   Data           1  main.o(.data)
    isStartTiming                            0x2000004e   Data           1  main.o(.data)
    isRing                                   0x2000004f   Data           1  main.o(.data)
    BeepPeriod                               0x20000050   Data           4  main.o(.data)
    Alarm_isEnable                           0x20000054   Data           1  main.o(.data)
    ringtone                                 0x20000055   Data           1  main.o(.data)
    SetStopwatch                             0x20000056   Data           1  main.o(.data)
    ui32SysClock                             0x20000058   Data           4  main.o(.data)
    ui32EEPROMInit                           0x2000005c   Data           4  main.o(.data)
    ms                                       0x20000060   Data           2  main.o(.data)
    clock10ms                                0x20000062   Data           1  main.o(.data)
    clock10ms_flag                           0x20000063   Data           1  main.o(.data)
    clock20ms                                0x20000064   Data           1  main.o(.data)
    clock20ms_flag                           0x20000065   Data           1  main.o(.data)
    clock100ms                               0x20000066   Data           2  main.o(.data)
    clock100ms_flag                          0x20000068   Data           1  main.o(.data)
    clock800ms                               0x2000006a   Data           2  main.o(.data)
    clock1s                                  0x2000006c   Data           2  main.o(.data)
    clock1s_flag                             0x2000006e   Data           1  main.o(.data)
    year                                     0x20000070   Data           2  main.o(.data)
    year_high                                0x20000072   Data           1  main.o(.data)
    year_low                                 0x20000073   Data           1  main.o(.data)
    month                                    0x20000074   Data           1  main.o(.data)
    month_high                               0x20000075   Data           1  main.o(.data)
    month_low                                0x20000076   Data           1  main.o(.data)
    day                                      0x20000077   Data           1  main.o(.data)
    day_high                                 0x20000078   Data           1  main.o(.data)
    day_low                                  0x20000079   Data           1  main.o(.data)
    hour                                     0x2000007a   Data           1  main.o(.data)
    hour_high                                0x2000007b   Data           1  main.o(.data)
    hour_low                                 0x2000007c   Data           1  main.o(.data)
    minute                                   0x2000007d   Data           1  main.o(.data)
    minute_high                              0x2000007e   Data           1  main.o(.data)
    minute_low                               0x2000007f   Data           1  main.o(.data)
    second                                   0x20000080   Data           1  main.o(.data)
    second_high                              0x20000081   Data           1  main.o(.data)
    second_low                               0x20000082   Data           1  main.o(.data)
    Alarm_hour                               0x20000083   Data           1  main.o(.data)
    Alarm_minute                             0x20000084   Data           1  main.o(.data)
    Alarm_second                             0x20000085   Data           1  main.o(.data)
    Alarm_hour_H                             0x20000086   Data           1  main.o(.data)
    Alarm_hour_L                             0x20000087   Data           1  main.o(.data)
    Alarm_min_H                              0x20000088   Data           1  main.o(.data)
    Alarm_min_L                              0x20000089   Data           1  main.o(.data)
    Alarm_sec_H                              0x2000008a   Data           1  main.o(.data)
    Alarm_sec_L                              0x2000008b   Data           1  main.o(.data)
    Record_min_high                          0x2000008c   Data           4  main.o(.data)
    Record_min_low                           0x20000090   Data           4  main.o(.data)
    Record_second_high                       0x20000094   Data           4  main.o(.data)
    Record_second_low                        0x20000098   Data           4  main.o(.data)
    Record_milisecond_high                   0x2000009c   Data           4  main.o(.data)
    Record_milisecond_low                    0x200000a0   Data           4  main.o(.data)
    change_Key                               0x200000a4   Data           1  main.o(.data)
    Key                                      0x200000a5   Data           1  main.o(.data)
    usr_Key1                                 0x200000a6   Data           1  main.o(.data)
    usr_Key2                                 0x200000a7   Data           1  main.o(.data)
    lastKey                                  0x200000a8   Data           1  main.o(.data)
    lastusr_Key1                             0x200000a9   Data           1  main.o(.data)
    lastusr_Key2                             0x200000aa   Data           1  main.o(.data)
    isPressUsrkey                            0x200000ab   Data           1  main.o(.data)
    isReleaseUsrkey                          0x200000ac   Data           1  main.o(.data)
    press                                    0x200000b0   Data           4  main.o(.data)
    release                                  0x200000b4   Data           4  main.o(.data)
    duration                                 0x200000b8   Data           4  main.o(.data)
    Key_flag                                 0x200000bc   Data           8  main.o(.data)
    Key_count                                0x200000c4   Data           8  main.o(.data)
    isShortPress                             0x200000cc   Data           8  main.o(.data)
    isLongPress                              0x200000d4   Data           8  main.o(.data)
    isRelease                                0x200000dc   Data           8  main.o(.data)
    mode_key                                 0x200000e4   Data           1  main.o(.data)
    set_key                                  0x200000e5   Data           1  main.o(.data)
    key_number                               0x200000e6   Data           8  main.o(.data)
    SystemCoreClock                          0x200000f0   Data           4  system_tm4c129.o(.data)
    data                                     0x200000f4   Data          32  main.o(.bss)
    RxBuf                                    0x20000114   Data         256  main.o(.bss)
    Dispalydata                              0x20000214   Data          64  main.o(.bss)
    Dispalydata_read                         0x20000254   Data          64  main.o(.bss)
    __libspace_start                         0x20000294   Data          96  libspace.o(.bss)
    __temporary_stack_top$libspace           0x200002f4   Data           0  libspace.o(.bss)



==============================================================================

Memory Map of the image

  Image Entry point : 0x00000201

  Load Region LR_IROM1 (Base: 0x00000000, Size: 0x000062c4, Max: 0x00100000, ABSOLUTE)

    Execution Region ER_IROM1 (Base: 0x00000000, Size: 0x000061d0, Max: 0x00100000, ABSOLUTE)

    Base Addr    Size         Type   Attr      Idx    E Section Name        Object

    0x00000000   0x00000200   Data   RO          268    RESET               startup_tm4c129.o
    0x00000200   0x00000008   Code   RO         2431  * !!!main             c_w.l(__main.o)
    0x00000208   0x00000034   Code   RO         2703    !!!scatter          c_w.l(__scatter.o)
    0x0000023c   0x0000001a   Code   RO         2705    !!handler_copy      c_w.l(__scatter_copy.o)
    0x00000256   0x00000002   PAD
    0x00000258   0x0000001c   Code   RO         2707    !!handler_zi        c_w.l(__scatter_zi.o)
    0x00000274   0x00000002   Code   RO         2570    .ARM.Collect$$libinit$$00000000  c_w.l(libinit.o)
    0x00000276   0x00000004   Code   RO         2571    .ARM.Collect$$libinit$$00000001  c_w.l(libinit2.o)
    0x0000027a   0x00000000   Code   RO         2574    .ARM.Collect$$libinit$$00000004  c_w.l(libinit2.o)
    0x0000027a   0x00000000   Code   RO         2577    .ARM.Collect$$libinit$$0000000A  c_w.l(libinit2.o)
    0x0000027a   0x00000000   Code   RO         2579    .ARM.Collect$$libinit$$0000000C  c_w.l(libinit2.o)
    0x0000027a   0x00000000   Code   RO         2581    .ARM.Collect$$libinit$$0000000E  c_w.l(libinit2.o)
    0x0000027a   0x00000006   Code   RO         2582    .ARM.Collect$$libinit$$0000000F  c_w.l(libinit2.o)
    0x00000280   0x00000000   Code   RO         2584    .ARM.Collect$$libinit$$00000011  c_w.l(libinit2.o)
    0x00000280   0x0000000c   Code   RO         2585    .ARM.Collect$$libinit$$00000012  c_w.l(libinit2.o)
    0x0000028c   0x00000000   Code   RO         2586    .ARM.Collect$$libinit$$00000013  c_w.l(libinit2.o)
    0x0000028c   0x00000000   Code   RO         2588    .ARM.Collect$$libinit$$00000015  c_w.l(libinit2.o)
    0x0000028c   0x00000000   Code   RO         2590    .ARM.Collect$$libinit$$00000017  c_w.l(libinit2.o)
    0x0000028c   0x00000000   Code   RO         2592    .ARM.Collect$$libinit$$00000019  c_w.l(libinit2.o)
    0x0000028c   0x00000000   Code   RO         2594    .ARM.Collect$$libinit$$0000001B  c_w.l(libinit2.o)
    0x0000028c   0x00000000   Code   RO         2596    .ARM.Collect$$libinit$$0000001D  c_w.l(libinit2.o)
    0x0000028c   0x00000000   Code   RO         2598    .ARM.Collect$$libinit$$0000001F  c_w.l(libinit2.o)
    0x0000028c   0x00000000   Code   RO         2600    .ARM.Collect$$libinit$$00000021  c_w.l(libinit2.o)
    0x0000028c   0x00000000   Code   RO         2602    .ARM.Collect$$libinit$$00000023  c_w.l(libinit2.o)
    0x0000028c   0x00000000   Code   RO         2604    .ARM.Collect$$libinit$$00000025  c_w.l(libinit2.o)
    0x0000028c   0x00000000   Code   RO         2608    .ARM.Collect$$libinit$$0000002C  c_w.l(libinit2.o)
    0x0000028c   0x00000000   Code   RO         2610    .ARM.Collect$$libinit$$0000002E  c_w.l(libinit2.o)
    0x0000028c   0x00000000   Code   RO         2612    .ARM.Collect$$libinit$$00000030  c_w.l(libinit2.o)
    0x0000028c   0x00000000   Code   RO         2614    .ARM.Collect$$libinit$$00000032  c_w.l(libinit2.o)
    0x0000028c   0x00000002   Code   RO         2615    .ARM.Collect$$libinit$$00000033  c_w.l(libinit2.o)
    0x0000028e   0x00000002   Code   RO         2651    .ARM.Collect$$libshutdown$$00000000  c_w.l(libshutdown.o)
    0x00000290   0x00000000   Code   RO         2662    .ARM.Collect$$libshutdown$$00000002  c_w.l(libshutdown2.o)
    0x00000290   0x00000000   Code   RO         2664    .ARM.Collect$$libshutdown$$00000004  c_w.l(libshutdown2.o)
    0x00000290   0x00000000   Code   RO         2667    .ARM.Collect$$libshutdown$$00000007  c_w.l(libshutdown2.o)
    0x00000290   0x00000000   Code   RO         2670    .ARM.Collect$$libshutdown$$0000000A  c_w.l(libshutdown2.o)
    0x00000290   0x00000000   Code   RO         2672    .ARM.Collect$$libshutdown$$0000000C  c_w.l(libshutdown2.o)
    0x00000290   0x00000000   Code   RO         2675    .ARM.Collect$$libshutdown$$0000000F  c_w.l(libshutdown2.o)
    0x00000290   0x00000002   Code   RO         2676    .ARM.Collect$$libshutdown$$00000010  c_w.l(libshutdown2.o)
    0x00000292   0x00000000   Code   RO         2463    .ARM.Collect$$rtentry$$00000000  c_w.l(__rtentry.o)
    0x00000292   0x00000000   Code   RO         2523    .ARM.Collect$$rtentry$$00000002  c_w.l(__rtentry2.o)
    0x00000292   0x00000006   Code   RO         2535    .ARM.Collect$$rtentry$$00000004  c_w.l(__rtentry4.o)
    0x00000298   0x00000000   Code   RO         2525    .ARM.Collect$$rtentry$$00000009  c_w.l(__rtentry2.o)
    0x00000298   0x00000004   Code   RO         2526    .ARM.Collect$$rtentry$$0000000A  c_w.l(__rtentry2.o)
    0x0000029c   0x00000000   Code   RO         2528    .ARM.Collect$$rtentry$$0000000C  c_w.l(__rtentry2.o)
    0x0000029c   0x00000008   Code   RO         2529    .ARM.Collect$$rtentry$$0000000D  c_w.l(__rtentry2.o)
    0x000002a4   0x00000002   Code   RO         2620    .ARM.Collect$$rtexit$$00000000  c_w.l(rtexit.o)
    0x000002a6   0x00000000   Code   RO         2629    .ARM.Collect$$rtexit$$00000002  c_w.l(rtexit2.o)
    0x000002a6   0x00000004   Code   RO         2630    .ARM.Collect$$rtexit$$00000003  c_w.l(rtexit2.o)
    0x000002aa   0x00000006   Code   RO         2631    .ARM.Collect$$rtexit$$00000004  c_w.l(rtexit2.o)
    0x000002b0   0x00000006   Code   RO         1471    .emb_text           driverlib.lib(sysctl.o)
    0x000002b6   0x00000002   PAD
    0x000002b8   0x00000026   Code   RO         2413    .emb_text           driverlib.lib(cpu.o)
    0x000002de   0x00000002   PAD
    0x000002e0   0x0000012c   Code   RO          269    .text               startup_tm4c129.o
    0x0000040c   0x0000001e   Code   RO         2425    .text               c_w.l(toupper.o)
    0x0000042a   0x00000096   Code   RO         2427    .text               c_w.l(strncmp.o)
    0x000004c0   0x00000006   Code   RO         2429    .text               c_w.l(heapauxi.o)
    0x000004c6   0x00000002   PAD
    0x000004c8   0x00000010   Code   RO         2464    .text               c_w.l(rt_ctype_table.o)
    0x000004d8   0x00000016   Code   RO         2466    .text               c_w.l(_rserrno.o)
    0x000004ee   0x00000002   PAD
    0x000004f0   0x00000008   Code   RO         2540    .text               c_w.l(rt_locale_intlibspace.o)
    0x000004f8   0x00000008   Code   RO         2545    .text               c_w.l(rt_errno_addr_intlibspace.o)
    0x00000500   0x00000008   Code   RO         2556    .text               c_w.l(libspace.o)
    0x00000508   0x0000004a   Code   RO         2559    .text               c_w.l(sys_stackheap_outer.o)
    0x00000552   0x00000012   Code   RO         2561    .text               c_w.l(exit.o)
    0x00000564   0x00000080   Code   RO         2563    .text               c_w.l(strcmpv7m.o)
    0x000005e4   0x0000000c   Code   RO         2641    .text               c_w.l(sys_exit.o)
    0x000005f0   0x00000002   Code   RO         2652    .text               c_w.l(use_no_semi.o)
    0x000005f2   0x00000000   Code   RO         2654    .text               c_w.l(indicate_semi.o)
    0x000005f2   0x00000002   PAD
    0x000005f4   0x000005f8   Code   RO            1    i.Alarm_display     main.o
    0x00000bec   0x000002c8   Code   RO            2    i.Alarm_set         main.o
    0x00000eb4   0x000000d4   Code   RO            3    i.Boot              main.o
    0x00000f88   0x000002e4   Code   RO            4    i.Date_display      main.o
    0x0000126c   0x0000032c   Code   RO            5    i.Date_set          main.o
    0x00001598   0x0000000c   Code   RO            6    i.Delay             main.o
    0x000015a4   0x00000044   Code   RO          332    i.EEPROMInit        driverlib.lib(eeprom.o)
    0x000015e8   0x00000164   Code   RO          338    i.EEPROMProgram     driverlib.lib(eeprom.o)
    0x0000174c   0x00000034   Code   RO          340    i.EEPROMRead        driverlib.lib(eeprom.o)
    0x00001780   0x00000028   Code   RO          480    i.GPIODirModeSet    driverlib.lib(gpio.o)
    0x000017a8   0x00000138   Code   RO          492    i.GPIOPadConfigSet  driverlib.lib(gpio.o)
    0x000018e0   0x00000044   Code   RO          493    i.GPIOPinConfigure  driverlib.lib(gpio.o)
    0x00001924   0x00000006   Code   RO          494    i.GPIOPinRead       driverlib.lib(gpio.o)
    0x0000192a   0x0000001c   Code   RO          503    i.GPIOPinTypeGPIOInput  driverlib.lib(gpio.o)
    0x00001946   0x0000001c   Code   RO          504    i.GPIOPinTypeGPIOOutput  driverlib.lib(gpio.o)
    0x00001962   0x0000001c   Code   RO          507    i.GPIOPinTypeI2C    driverlib.lib(gpio.o)
    0x0000197e   0x0000001c   Code   RO          508    i.GPIOPinTypeI2CSCL  driverlib.lib(gpio.o)
    0x0000199a   0x0000001c   Code   RO          511    i.GPIOPinTypePWM    driverlib.lib(gpio.o)
    0x000019b6   0x0000001c   Code   RO          516    i.GPIOPinTypeUART   driverlib.lib(gpio.o)
    0x000019d2   0x00000002   PAD
    0x000019d4   0x00000080   Code   RO            7    i.I2C0_ReadByte     main.o
    0x00001a54   0x00000074   Code   RO            8    i.I2C0_WriteByte    main.o
    0x00001ac8   0x0000000c   Code   RO          795    i.I2CMasterBusBusy  driverlib.lib(i2c.o)
    0x00001ad4   0x0000000c   Code   RO          796    i.I2CMasterBusy     driverlib.lib(i2c.o)
    0x00001ae0   0x00000004   Code   RO          797    i.I2CMasterControl  driverlib.lib(i2c.o)
    0x00001ae4   0x00000004   Code   RO          798    i.I2CMasterDataGet  driverlib.lib(i2c.o)
    0x00001ae8   0x00000004   Code   RO          799    i.I2CMasterDataPut  driverlib.lib(i2c.o)
    0x00001aec   0x0000000a   Code   RO          801    i.I2CMasterEnable   driverlib.lib(i2c.o)
    0x00001af6   0x00000018   Code   RO          802    i.I2CMasterErr      driverlib.lib(i2c.o)
    0x00001b0e   0x00000002   PAD
    0x00001b10   0x00000054   Code   RO          804    i.I2CMasterInitExpClk  driverlib.lib(i2c.o)
    0x00001b64   0x00000008   Code   RO          814    i.I2CMasterSlaveAddrSet  driverlib.lib(i2c.o)
    0x00001b6c   0x00000064   Code   RO         1123    i.IntEnable         driverlib.lib(interrupt.o)
    0x00001bd0   0x0000000e   Code   RO         1126    i.IntMasterEnable   driverlib.lib(interrupt.o)
    0x00001bde   0x00000002   PAD
    0x00001be0   0x0000011c   Code   RO            9    i.Key_detect        main.o
    0x00001cfc   0x00000014   Code   RO         1239    i.PWMClockSet       driverlib.lib(pwm.o)
    0x00001d10   0x00000026   Code   RO         1246    i.PWMGenConfigure   driverlib.lib(pwm.o)
    0x00001d36   0x0000000a   Code   RO         1248    i.PWMGenEnable      driverlib.lib(pwm.o)
    0x00001d40   0x00000012   Code   RO         1261    i.PWMGenPeriodSet   driverlib.lib(pwm.o)
    0x00001d52   0x00000020   Code   RO         1271    i.PWMPulseWidthSet  driverlib.lib(pwm.o)
    0x00001d72   0x00000002   PAD
    0x00001d74   0x00000214   Code   RO           10    i.Press_to_set      main.o
    0x00001f88   0x000002a4   Code   RO           11    i.Record_display    main.o
    0x0000222c   0x00000180   Code   RO           12    i.Record_set        main.o
    0x000023ac   0x000000c0   Code   RO           13    i.Reset             main.o
    0x0000246c   0x00000084   Code   RO           14    i.Ringtone          main.o
    0x000024f0   0x00000080   Code   RO           15    i.S800_GPIO_Init    main.o
    0x00002570   0x00000098   Code   RO           16    i.S800_I2C0_Init    main.o
    0x00002608   0x00000060   Code   RO           17    i.S800_PWM_Init     main.o
    0x00002668   0x0000003c   Code   RO           18    i.S800_Timer0_Init  main.o
    0x000026a4   0x00000060   Code   RO           19    i.S800_UART_Init    main.o
    0x00002704   0x000002e4   Code   RO         1473    i.SysCtlClockFreqSet  driverlib.lib(sysctl.o)
    0x000029e8   0x00000028   Code   RO         1505    i.SysCtlPeripheralEnable  driverlib.lib(sysctl.o)
    0x00002a10   0x0000002c   Code   RO         1509    i.SysCtlPeripheralReady  driverlib.lib(sysctl.o)
    0x00002a3c   0x0000003c   Code   RO         1510    i.SysCtlPeripheralReset  driverlib.lib(sysctl.o)
    0x00002a78   0x00000010   Code   RO         1513    i.SysCtlReset       driverlib.lib(sysctl.o)
    0x00002a88   0x0000000e   Code   RO         1814    i.SysTickEnable     driverlib.lib(systick.o)
    0x00002a96   0x00000002   PAD
    0x00002a98   0x00000024   Code   RO           20    i.SysTickInit       main.o
    0x00002abc   0x0000000e   Code   RO         1816    i.SysTickIntEnable  driverlib.lib(systick.o)
    0x00002aca   0x0000000a   Code   RO         1820    i.SysTickPeriodSet  driverlib.lib(systick.o)
    0x00002ad4   0x000001a8   Code   RO           21    i.SysTick_Handler   main.o
    0x00002c7c   0x00000020   Code   RO          277    i.SystemInit        system_tm4c129.o
    0x00002c9c   0x00000208   Code   RO           22    i.TIMER0A_Handler   main.o
    0x00002ea4   0x000002f0   Code   RO           23    i.Time_display      main.o
    0x00003194   0x0000022c   Code   RO           24    i.Time_set          main.o
    0x000033c0   0x00000060   Code   RO         1880    i.TimerConfigure    driverlib.lib(timer.o)
    0x00003420   0x0000000e   Code   RO         1889    i.TimerEnable       driverlib.lib(timer.o)
    0x0000342e   0x00000004   Code   RO         1890    i.TimerIntClear     driverlib.lib(timer.o)
    0x00003432   0x00000008   Code   RO         1892    i.TimerIntEnable    driverlib.lib(timer.o)
    0x0000343a   0x0000000a   Code   RO         1894    i.TimerIntStatus    driverlib.lib(timer.o)
    0x00003444   0x00000012   Code   RO         1898    i.TimerLoadSet      driverlib.lib(timer.o)
    0x00003456   0x00000022   Code   RO           25    i.Trim              main.o
    0x00003478   0x00000078   Code   RO           26    i.UART0_Handler     main.o
    0x000034f0   0x00000010   Code   RO         2125    i.UARTCharGetNonBlocking  driverlib.lib(uart.o)
    0x00003500   0x0000000c   Code   RO         2126    i.UARTCharPut       driverlib.lib(uart.o)
    0x0000350c   0x0000000a   Code   RO         2128    i.UARTCharsAvail    driverlib.lib(uart.o)
    0x00003516   0x0000006e   Code   RO         2132    i.UARTConfigSetExpClk  driverlib.lib(uart.o)
    0x00003584   0x00000004   Code   RO         2145    i.UARTIntClear      driverlib.lib(uart.o)
    0x00003588   0x00000008   Code   RO         2147    i.UARTIntEnable     driverlib.lib(uart.o)
    0x00003590   0x0000000a   Code   RO         2149    i.UARTIntStatus     driverlib.lib(uart.o)
    0x0000359a   0x00000002   PAD
    0x0000359c   0x0000001c   Code   RO           28    i.UARTStringPut     main.o
    0x000035b8   0x00000708   Code   RO           29    i.UART_INIT         main.o
    0x00003cc0   0x00000030   Code   RO         2505    i.__ARM_fpclassify  m_wm.l(fpclassify.o)
    0x00003cf0   0x00000c50   Code   RO         2449    i.__hardfp_pow      m_wm.l(pow.o)
    0x00004940   0x000000f8   Code   RO         2507    i.__kernel_poly     m_wm.l(poly.o)
    0x00004a38   0x00000030   Code   RO         2485    i.__mathlib_dbl_divzero  m_wm.l(dunder.o)
    0x00004a68   0x00000014   Code   RO         2487    i.__mathlib_dbl_infnan2  m_wm.l(dunder.o)
    0x00004a7c   0x00000004   PAD
    0x00004a80   0x00000020   Code   RO         2488    i.__mathlib_dbl_invalid  m_wm.l(dunder.o)
    0x00004aa0   0x00000020   Code   RO         2489    i.__mathlib_dbl_overflow  m_wm.l(dunder.o)
    0x00004ac0   0x00000020   Code   RO         2491    i.__mathlib_dbl_underflow  m_wm.l(dunder.o)
    0x00004ae0   0x00000018   Code   RO         2501    i.fabs              m_wm.l(fabs.o)
    0x00004af8   0x00000284   Code   RO           30    i.main              main.o
    0x00004d7c   0x0000006e   Code   RO         2512    i.sqrt              m_wm.l(sqrt.o)
    0x00004dea   0x00000002   PAD
    0x00004dec   0x0000002c   Code   RO         2548    locale$$code        c_w.l(lc_ctype_c.o)
    0x00004e18   0x00000018   Code   RO         2468    x$fpl$basic         fz_wm.l(basic.o)
    0x00004e30   0x00000150   Code   RO         2433    x$fpl$dadd          fz_wm.l(daddsub_clz.o)
    0x00004f80   0x00000010   Code   RO         2550    x$fpl$dcheck1       fz_wm.l(dcheck1.o)
    0x00004f90   0x00000018   Code   RO         2616    x$fpl$dcmpinf       fz_wm.l(dcmpi.o)
    0x00004fa8   0x000002b0   Code   RO         2471    x$fpl$ddiv          fz_wm.l(ddiv.o)
    0x00005258   0x0000005a   Code   RO         2439    x$fpl$dfixu         fz_wm.l(dfixu.o)
    0x000052b2   0x0000002e   Code   RO         2444    x$fpl$dflt          fz_wm.l(dflt_clz.o)
    0x000052e0   0x00000078   Code   RO         2552    x$fpl$dleqf         fz_wm.l(dleqf.o)
    0x00005358   0x00000154   Code   RO         2474    x$fpl$dmul          fz_wm.l(dmul.o)
    0x000054ac   0x0000009c   Code   RO         2476    x$fpl$dnaninf       fz_wm.l(dnaninf.o)
    0x00005548   0x0000000c   Code   RO         2478    x$fpl$dretinf       fz_wm.l(dretinf.o)
    0x00005554   0x0000006c   Code   RO         2480    x$fpl$drleqf        fz_wm.l(drleqf.o)
    0x000055c0   0x00000016   Code   RO         2434    x$fpl$drsb          fz_wm.l(daddsub_clz.o)
    0x000055d6   0x00000002   PAD
    0x000055d8   0x00000198   Code   RO         2554    x$fpl$dsqrt         fz_wm.l(dsqrt_umaal.o)
    0x00005770   0x000001d4   Code   RO         2435    x$fpl$dsub          fz_wm.l(daddsub_clz.o)
    0x00005944   0x0000000a   Code   RO         2624    x$fpl$fpinit        fz_wm.l(fpinit.o)
    0x0000594e   0x00000064   Code   RO         2618    x$fpl$retnan        fz_wm.l(retnan.o)
    0x000059b2   0x0000005c   Code   RO         2482    x$fpl$scalbn        fz_wm.l(scalbn.o)
    0x00005a0e   0x00000030   Code   RO         2626    x$fpl$trapveneer    fz_wm.l(trapv.o)
    0x00005a3e   0x00000000   Code   RO         2484    x$fpl$usenofp       fz_wm.l(usenofp.o)
    0x00005a3e   0x00000002   PAD
    0x00005a40   0x00000228   Data   RO          524    .constdata          driverlib.lib(gpio.o)
    0x00005c68   0x0000010c   Data   RO         1139    .constdata          driverlib.lib(interrupt.o)
    0x00005d74   0x00000254   Data   RO         1527    .constdata          driverlib.lib(sysctl.o)
    0x00005fc8   0x00000088   Data   RO         2452    .constdata          m_wm.l(pow.o)
    0x00006050   0x00000008   Data   RO         2509    .constdata          m_wm.l(qnan.o)
    0x00006058   0x00000047   Data   RO           32    .conststring        main.o
    0x0000609f   0x00000001   PAD
    0x000060a0   0x00000020   Data   RO         2701    Region$$Table       anon$$obj.o
    0x000060c0   0x00000110   Data   RO         2547    locale$$data        c_w.l(lc_ctype_c.o)


    Execution Region RW_IRAM1 (Base: 0x20000000, Size: 0x000004f8, Max: 0x00040000, ABSOLUTE)

    Base Addr    Size         Type   Attr      Idx    E Section Name        Object

    0x20000000   0x000000ee   Data   RW           33    .data               main.o
    0x200000ee   0x00000002   PAD
    0x200000f0   0x00000004   Data   RW          278    .data               system_tm4c129.o
    0x200000f4   0x000001a0   Zero   RW           31    .bss                main.o
    0x20000294   0x00000060   Zero   RW         2557    .bss                c_w.l(libspace.o)
    0x200002f4   0x00000004   PAD
    0x200002f8   0x00000000   Zero   RW          267    HEAP                startup_tm4c129.o
    0x200002f8   0x00000200   Zero   RW          266    STACK               startup_tm4c129.o


==============================================================================

Image component sizes


      Code (inc. data)   RO Data    RW Data    ZI Data      Debug   Object Name

     11906       2134         71        238        416      27486   main.o
       300         22        512          0        512       6020   startup_tm4c129.o
        32         12          0          4          0        683   system_tm4c129.o

    ----------------------------------------------------------------------
     12238       2168        616        244        928      34189   Object Totals
         0          0         32          0          0          0   (incl. Generated)
         0          0          1          2          0          0   (incl. Padding)

    ----------------------------------------------------------------------

      Code (inc. data)   RO Data    RW Data    ZI Data      Debug   Library Member Name

         8          0          0          0          0         68   __main.o
         0          0          0          0          0          0   __rtentry.o
        12          0          0          0          0          0   __rtentry2.o
         6          0          0          0          0          0   __rtentry4.o
        52          8          0          0          0          0   __scatter.o
        26          0          0          0          0          0   __scatter_copy.o
        28          0          0          0          0          0   __scatter_zi.o
        22          0          0          0          0        100   _rserrno.o
        18          0          0          0          0         80   exit.o
         6          0          0          0          0        152   heapauxi.o
         0          0          0          0          0          0   indicate_semi.o
        44         10        272          0          0         76   lc_ctype_c.o
         2          0          0          0          0          0   libinit.o
        24          0          0          0          0          0   libinit2.o
         2          0          0          0          0          0   libshutdown.o
         2          0          0          0          0          0   libshutdown2.o
         8          4          0          0         96         68   libspace.o
        16          4          0          0          0         76   rt_ctype_table.o
         8          4          0          0          0         68   rt_errno_addr_intlibspace.o
         8          4          0          0          0         68   rt_locale_intlibspace.o
         2          0          0          0          0          0   rtexit.o
        10          0          0          0          0          0   rtexit2.o
       128          0          0          0          0         68   strcmpv7m.o
       150          0          0          0          0         80   strncmp.o
        12          4          0          0          0         68   sys_exit.o
        74          0          0          0          0         80   sys_stackheap_outer.o
        30          0          0          0          0         76   toupper.o
         2          0          0          0          0         68   use_no_semi.o
        38          0          0          0          0        572   cpu.o
       476         34          0          0          0       6198   eeprom.o
       594          8        552          0          0       6788   gpio.o
       162         12          0          0          0       5454   i2c.o
       114          8        268          0          0       2042   interrupt.o
       118          0          0          0          0       2592   pwm.o
       906         60        596          0          0       5908   sysctl.o
        38          0          0          0          0       1410   systick.o
       150          8          0          0          0       3116   timer.o
       170          0          0          0          0       4586   uart.o
        24          0          0          0          0        164   basic.o
       826         16          0          0          0        492   daddsub_clz.o
        16          4          0          0          0        116   dcheck1.o
        24          0          0          0          0        116   dcmpi.o
       688        140          0          0          0        256   ddiv.o
        90          4          0          0          0        140   dfixu.o
        46          0          0          0          0        116   dflt_clz.o
       120          4          0          0          0        140   dleqf.o
       340         12          0          0          0        152   dmul.o
       156          4          0          0          0        140   dnaninf.o
        12          0          0          0          0        116   dretinf.o
       108          0          0          0          0        128   drleqf.o
       408         56          0          0          0        168   dsqrt_umaal.o
        10          0          0          0          0        116   fpinit.o
       100          0          0          0          0        116   retnan.o
        92          0          0          0          0        116   scalbn.o
        48          0          0          0          0        116   trapv.o
         0          0          0          0          0          0   usenofp.o
       164         44          0          0          0        620   dunder.o
        24          0          0          0          0        124   fabs.o
        48          0          0          0          0        124   fpclassify.o
       248          0          0          0          0        152   poly.o
      3152        296        136          0          0        352   pow.o
         0          0          8          0          0          0   qnan.o
       110          0          0          0          0        148   sqrt.o

    ----------------------------------------------------------------------
     10354        748       1832          0        100      44090   Library Totals
        34          0          0          0          4          0   (incl. Padding)

    ----------------------------------------------------------------------

      Code (inc. data)   RO Data    RW Data    ZI Data      Debug   Library Name

       700         38        272          0         96       1196   c_w.l
      2766        130       1416          0          0      38666   driverlib.lib
      3108        240          0          0          0       2708   fz_wm.l
      3746        340        144          0          0       1520   m_wm.l

    ----------------------------------------------------------------------
     10354        748       1832          0        100      44090   Library Totals

    ----------------------------------------------------------------------

==============================================================================


      Code (inc. data)   RO Data    RW Data    ZI Data      Debug   

     22592       2916       2448        244       1028      67507   Grand Totals
     22592       2916       2448        244       1028      67507   ELF Image Totals
     22592       2916       2448        244          0          0   ROM Totals

==============================================================================

    Total RO  Size (Code + RO Data)                25040 (  24.45kB)
    Total RW  Size (RW Data + ZI Data)              1272 (   1.24kB)
    Total ROM Size (Code + RO Data + RW Data)      25284 (  24.69kB)

==============================================================================

